Archive member included because of file (symbol)

/Applications/KDS_v3.app/Contents/toolchain/bin/../lib/gcc/arm-none-eabi/4.8.4/../../../../arm-none-eabi/lib/armv6-m/libg_s.a(lib_a-errno.o)
                              ./utilities/fsl_sbrk.o (symbol from plugin) (__errno)
/Applications/KDS_v3.app/Contents/toolchain/bin/../lib/gcc/arm-none-eabi/4.8.4/../../../../arm-none-eabi/lib/armv6-m/libg_s.a(lib_a-exit.o)
                              /Applications/KDS_v3.app/Contents/toolchain/bin/../lib/gcc/arm-none-eabi/4.8.4/../../../../arm-none-eabi/lib/armv6-m/crt0.o (exit)
/Applications/KDS_v3.app/Contents/toolchain/bin/../lib/gcc/arm-none-eabi/4.8.4/../../../../arm-none-eabi/lib/armv6-m/libg_s.a(lib_a-impure.o)
                              /Applications/KDS_v3.app/Contents/toolchain/bin/../lib/gcc/arm-none-eabi/4.8.4/../../../../arm-none-eabi/lib/armv6-m/libg_s.a(lib_a-exit.o) (_global_impure_ptr)
/Applications/KDS_v3.app/Contents/toolchain/bin/../lib/gcc/arm-none-eabi/4.8.4/../../../../arm-none-eabi/lib/armv6-m/libg_s.a(lib_a-init.o)
                              /Applications/KDS_v3.app/Contents/toolchain/bin/../lib/gcc/arm-none-eabi/4.8.4/../../../../arm-none-eabi/lib/armv6-m/crt0.o (__libc_init_array)
/Applications/KDS_v3.app/Contents/toolchain/bin/../lib/gcc/arm-none-eabi/4.8.4/../../../../arm-none-eabi/lib/armv6-m/libg_s.a(lib_a-memset.o)
                              /Applications/KDS_v3.app/Contents/toolchain/bin/../lib/gcc/arm-none-eabi/4.8.4/../../../../arm-none-eabi/lib/armv6-m/crt0.o (memset)
/Applications/KDS_v3.app/Contents/toolchain/bin/../lib/gcc/arm-none-eabi/4.8.4/../../../../arm-none-eabi/lib/armv6-m/libnosys.a(_exit.o)
                              /Applications/KDS_v3.app/Contents/toolchain/bin/../lib/gcc/arm-none-eabi/4.8.4/../../../../arm-none-eabi/lib/armv6-m/libg_s.a(lib_a-exit.o) (_exit)
/Applications/KDS_v3.app/Contents/toolchain/bin/../lib/gcc/arm-none-eabi/4.8.4/armv6-m/libgcc.a(_udivsi3.o)
                              /var/folders/x_/sqk25f8j7w915dynz_bbhrh40000gp/T//cceL1Urv.ltrans1.ltrans.o (__aeabi_uidiv)
/Applications/KDS_v3.app/Contents/toolchain/bin/../lib/gcc/arm-none-eabi/4.8.4/armv6-m/libgcc.a(_divsi3.o)
                              /var/folders/x_/sqk25f8j7w915dynz_bbhrh40000gp/T//cceL1Urv.ltrans2.ltrans.o (__aeabi_idiv)
/Applications/KDS_v3.app/Contents/toolchain/bin/../lib/gcc/arm-none-eabi/4.8.4/armv6-m/libgcc.a(_dvmd_tls.o)
                              /Applications/KDS_v3.app/Contents/toolchain/bin/../lib/gcc/arm-none-eabi/4.8.4/armv6-m/libgcc.a(_udivsi3.o) (__aeabi_idiv0)
/Applications/KDS_v3.app/Contents/toolchain/bin/../lib/gcc/arm-none-eabi/4.8.4/../../../../arm-none-eabi/lib/armv6-m/libg_s.a(lib_a-memcpy-stub.o)
                              /var/folders/x_/sqk25f8j7w915dynz_bbhrh40000gp/T//cceL1Urv.ltrans3.ltrans.o (memcpy)
/Applications/KDS_v3.app/Contents/toolchain/bin/../lib/gcc/arm-none-eabi/4.8.4/../../../../arm-none-eabi/lib/armv6-m/libg_s.a(lib_a-memmove.o)
                              /var/folders/x_/sqk25f8j7w915dynz_bbhrh40000gp/T//cceL1Urv.ltrans13.ltrans.o (memmove)
/Applications/KDS_v3.app/Contents/toolchain/bin/../lib/gcc/arm-none-eabi/4.8.4/../../../../arm-none-eabi/lib/armv6-m/libg_s.a(lib_a-strlen.o)
                              /var/folders/x_/sqk25f8j7w915dynz_bbhrh40000gp/T//cceL1Urv.ltrans13.ltrans.o (strlen)

Allocating common symbols
Common symbol       size              file

mutexTbl            0x10              ./uLipeRtosV4/source/OsMutex.o (symbol from plugin)
queueTbl            0x20              ./uLipeRtosV4/source/OsQueue.o (symbol from plugin)
semTbl              0x10              ./uLipeRtosV4/source/OsSem.o (symbol from plugin)
tasksCount          0x2               ./uLipeRtosV4/source/OsTask.o (symbol from plugin)
flagsTbl            0x1c              ./uLipeRtosV4/source/OsFlags.o (symbol from plugin)

Discarded input sections

 .text          0x0000000000000000        0x0 /Applications/KDS_v3.app/Contents/toolchain/bin/../lib/gcc/arm-none-eabi/4.8.4/armv6-m/crti.o
 .data          0x0000000000000000        0x0 /Applications/KDS_v3.app/Contents/toolchain/bin/../lib/gcc/arm-none-eabi/4.8.4/armv6-m/crti.o
 .bss           0x0000000000000000        0x0 /Applications/KDS_v3.app/Contents/toolchain/bin/../lib/gcc/arm-none-eabi/4.8.4/armv6-m/crti.o
 .data          0x0000000000000000        0x4 /Applications/KDS_v3.app/Contents/toolchain/bin/../lib/gcc/arm-none-eabi/4.8.4/armv6-m/crtbegin.o
 .data          0x0000000000000000        0x0 /Applications/KDS_v3.app/Contents/toolchain/bin/../lib/gcc/arm-none-eabi/4.8.4/../../../../arm-none-eabi/lib/armv6-m/crt0.o
 .bss           0x0000000000000000        0x0 /Applications/KDS_v3.app/Contents/toolchain/bin/../lib/gcc/arm-none-eabi/4.8.4/../../../../arm-none-eabi/lib/armv6-m/crt0.o
 .ARM.extab     0x0000000000000000        0x0 /Applications/KDS_v3.app/Contents/toolchain/bin/../lib/gcc/arm-none-eabi/4.8.4/../../../../arm-none-eabi/lib/armv6-m/crt0.o
[...]
Memory Configuration

Name             Origin             Length             Attributes
m_interrupts     0x0000000000000000 0x0000000000000200 xr
m_flash_config   0x0000000000000400 0x0000000000000010 xr
m_text           0x0000000000000410 0x000000000001fbf0 xr
m_data           0x000000001ffff000 0x0000000000004000 rw
*default*        0x0000000000000000 0xffffffffffffffff

Linker script and memory map

LOAD /Applications/KDS_v3.app/Contents/toolchain/bin/../lib/gcc/arm-none-eabi/4.8.4/armv6-m/crti.o
LOAD /Applications/KDS_v3.app/Contents/toolchain/bin/../lib/gcc/arm-none-eabi/4.8.4/armv6-m/crtbegin.o
LOAD /Applications/KDS_v3.app/Contents/toolchain/bin/../lib/gcc/arm-none-eabi/4.8.4/../../../../arm-none-eabi/lib/armv6-m/crt0.o
LOAD ./utilities/fsl_debug_console.o
LOAD /var/folders/x_/sqk25f8j7w915dynz_bbhrh40000gp/T//cceL1Urv.ltrans0.ltrans.o
LOAD /var/folders/x_/sqk25f8j7w915dynz_bbhrh40000gp/T//cceL1Urv.ltrans1.ltrans.o
LOAD /var/folders/x_/sqk25f8j7w915dynz_bbhrh40000gp/T//cceL1Urv.ltrans2.ltrans.o
LOAD /var/folders/x_/sqk25f8j7w915dynz_bbhrh40000gp/T//cceL1Urv.ltrans3.ltrans.o
LOAD /var/folders/x_/sqk25f8j7w915dynz_bbhrh40000gp/T//cceL1Urv.ltrans4.ltrans.o
LOAD /var/folders/x_/sqk25f8j7w915dynz_bbhrh40000gp/T//cceL1Urv.ltrans5.ltrans.o
LOAD /var/folders/x_/sqk25f8j7w915dynz_bbhrh40000gp/T//cceL1Urv.ltrans6.ltrans.o
LOAD /var/folders/x_/sqk25f8j7w915dynz_bbhrh40000gp/T//cceL1Urv.ltrans7.ltrans.o
LOAD /var/folders/x_/sqk25f8j7w915dynz_bbhrh40000gp/T//cceL1Urv.ltrans8.ltrans.o
LOAD /var/folders/x_/sqk25f8j7w915dynz_bbhrh40000gp/T//cceL1Urv.ltrans9.ltrans.o
LOAD /var/folders/x_/sqk25f8j7w915dynz_bbhrh40000gp/T//cceL1Urv.ltrans10.ltrans.o
LOAD /var/folders/x_/sqk25f8j7w915dynz_bbhrh40000gp/T//cceL1Urv.ltrans11.ltrans.o
LOAD /var/folders/x_/sqk25f8j7w915dynz_bbhrh40000gp/T//cceL1Urv.ltrans12.ltrans.o
LOAD /var/folders/x_/sqk25f8j7w915dynz_bbhrh40000gp/T//cceL1Urv.ltrans13.ltrans.o
LOAD /Applications/KDS_v3.app/Contents/toolchain/bin/../lib/gcc/arm-none-eabi/4.8.4/armv6-m/libgcc.a
LOAD /Applications/KDS_v3.app/Contents/toolchain/bin/../lib/gcc/arm-none-eabi/4.8.4/../../../../arm-none-eabi/lib/armv6-m/libg_s.a
LOAD /Applications/KDS_v3.app/Contents/toolchain/bin/../lib/gcc/arm-none-eabi/4.8.4/../../../../arm-none-eabi/lib/armv6-m/libc_s.a
LOAD /Applications/KDS_v3.app/Contents/toolchain/bin/../lib/gcc/arm-none-eabi/4.8.4/armv6-m/libgcc.a
LOAD /Applications/KDS_v3.app/Contents/toolchain/bin/../lib/gcc/arm-none-eabi/4.8.4/../../../../arm-none-eabi/lib/armv6-m/libc_s.a
LOAD /Applications/KDS_v3.app/Contents/toolchain/bin/../lib/gcc/arm-none-eabi/4.8.4/../../../../arm-none-eabi/lib/armv6-m/libnosys.a
LOAD /Applications/KDS_v3.app/Contents/toolchain/bin/../lib/gcc/arm-none-eabi/4.8.4/armv6-m/libgcc.a
LOAD /Applications/KDS_v3.app/Contents/toolchain/bin/../lib/gcc/arm-none-eabi/4.8.4/../../../../arm-none-eabi/lib/armv6-m/libc_s.a
LOAD /Applications/KDS_v3.app/Contents/toolchain/bin/../lib/gcc/arm-none-eabi/4.8.4/../../../../arm-none-eabi/lib/armv6-m/libnosys.a
LOAD ./utilities/fsl_notifier.o
LOAD ./utilities/fsl_sbrk.o
LOAD ./utilities/fsl_shell.o
LOAD ./uLipeRtosV4/source/arch/OsPort_M0.o
LOAD ./uLipeRtosV4/source/arch/OsPort_M0_a.o
LOAD ./uLipeRtosV4/source/arch/OsPort_M7.o
LOAD ./uLipeRtosV4/source/arch/OsPort_M7_a.o
LOAD ./uLipeRtosV4/source/OsCpuMsg.o
LOAD ./uLipeRtosV4/source/OsFlags.o
LOAD ./uLipeRtosV4/source/OsKernel.o
LOAD ./uLipeRtosV4/source/OsMutex.o
LOAD ./uLipeRtosV4/source/OsQueue.o
LOAD ./uLipeRtosV4/source/OsSem.o
LOAD ./uLipeRtosV4/source/OsTask.o
LOAD ./startup/startup_MKL25Z4.o
LOAD ./startup/system_MKL25Z4.o
LOAD ./source/main.o
LOAD ./drivers/fsl_adc16.o
LOAD ./drivers/fsl_clock.o
LOAD ./drivers/fsl_cmp.o
LOAD ./drivers/fsl_common.o
LOAD ./drivers/fsl_cop.o
LOAD ./drivers/fsl_dac.o
LOAD ./drivers/fsl_dma.o
LOAD ./drivers/fsl_dmamux.o
LOAD ./drivers/fsl_flash.o
LOAD ./drivers/fsl_gpio.o
LOAD ./drivers/fsl_i2c.o
LOAD ./drivers/fsl_i2c_dma.o
LOAD ./drivers/fsl_llwu.o
LOAD ./drivers/fsl_lpsci.o
LOAD ./drivers/fsl_lpsci_dma.o
LOAD ./drivers/fsl_lptmr.o
LOAD ./drivers/fsl_pit.o
LOAD ./drivers/fsl_pmc.o
LOAD ./drivers/fsl_rcm.o
LOAD ./drivers/fsl_rtc.o
LOAD ./drivers/fsl_sim.o
LOAD ./drivers/fsl_smc.o
LOAD ./drivers/fsl_spi.o
LOAD ./drivers/fsl_spi_dma.o
LOAD ./drivers/fsl_tpm.o
LOAD ./drivers/fsl_tsi_v4.o
LOAD ./drivers/fsl_uart.o
LOAD ./drivers/fsl_uart_dma.o
LOAD ./board/board.o
LOAD ./board/clock_config.o
LOAD ./board/pin_mux.o
LOAD /Applications/KDS_v3.app/Contents/toolchain/bin/../lib/gcc/arm-none-eabi/4.8.4/../../../../arm-none-eabi/lib/armv6-m/libstdc++_s.a
LOAD /Applications/KDS_v3.app/Contents/toolchain/bin/../lib/gcc/arm-none-eabi/4.8.4/../../../../arm-none-eabi/lib/armv6-m/libm.a
START GROUP
LOAD /Applications/KDS_v3.app/Contents/toolchain/bin/../lib/gcc/arm-none-eabi/4.8.4/armv6-m/libgcc.a
LOAD /Applications/KDS_v3.app/Contents/toolchain/bin/../lib/gcc/arm-none-eabi/4.8.4/../../../../arm-none-eabi/lib/armv6-m/libg_s.a
LOAD /Applications/KDS_v3.app/Contents/toolchain/bin/../lib/gcc/arm-none-eabi/4.8.4/../../../../arm-none-eabi/lib/armv6-m/libc_s.a
END GROUP
START GROUP
LOAD /Applications/KDS_v3.app/Contents/toolchain/bin/../lib/gcc/arm-none-eabi/4.8.4/armv6-m/libgcc.a
LOAD /Applications/KDS_v3.app/Contents/toolchain/bin/../lib/gcc/arm-none-eabi/4.8.4/../../../../arm-none-eabi/lib/armv6-m/libc_s.a
LOAD /Applications/KDS_v3.app/Contents/toolchain/bin/../lib/gcc/arm-none-eabi/4.8.4/../../../../arm-none-eabi/lib/armv6-m/libnosys.a
END GROUP
START GROUP
LOAD /Applications/KDS_v3.app/Contents/toolchain/bin/../lib/gcc/arm-none-eabi/4.8.4/armv6-m/libgcc.a
LOAD /Applications/KDS_v3.app/Contents/toolchain/bin/../lib/gcc/arm-none-eabi/4.8.4/../../../../arm-none-eabi/lib/armv6-m/libc_s.a
LOAD /Applications/KDS_v3.app/Contents/toolchain/bin/../lib/gcc/arm-none-eabi/4.8.4/../../../../arm-none-eabi/lib/armv6-m/libnosys.a
END GROUP
LOAD /Applications/KDS_v3.app/Contents/toolchain/bin/../lib/gcc/arm-none-eabi/4.8.4/armv6-m/crtend.o
LOAD /Applications/KDS_v3.app/Contents/toolchain/bin/../lib/gcc/arm-none-eabi/4.8.4/armv6-m/crtn.o
                0x0000000000000400                HEAP_SIZE = DEFINED (__heap_size__)?__heap_size__:0x400
                0x0000000000000400                STACK_SIZE = DEFINED (__stack_size__)?__stack_size__:0x400
                0x0000000000000000                M_VECTOR_RAM_SIZE = DEFINED (__ram_vector_table__)?0x200:0x0

.interrupts     0x0000000000000000       0xc0
                0x0000000000000000                __VECTOR_TABLE = .
                0x0000000000000000                . = ALIGN (0x4)
 *(.isr_vector)
 .isr_vector    0x0000000000000000       0xc0 ./startup/startup_MKL25Z4.o
                0x0000000000000000                __isr_vector
                0x00000000000000c0                . = ALIGN (0x4)

.flash_config   0x0000000000000400       0x10
                0x0000000000000400                . = ALIGN (0x4)
 *(.FlashConfig)
 .FlashConfig   0x0000000000000400       0x10 ./startup/startup_MKL25Z4.o
                0x0000000000000410                . = ALIGN (0x4)

.text           0x0000000000000410     0x3bec
                0x0000000000000410                . = ALIGN (0x4)
 *(.text)
 .text          0x0000000000000410       0x60 /Applications/KDS_v3.app/Contents/toolchain/bin/../lib/gcc/arm-none-eabi/4.8.4/armv6-m/crtbegin.o
 .text          0x0000000000000470       0x78 /Applications/KDS_v3.app/Contents/toolchain/bin/../lib/gcc/arm-none-eabi/4.8.4/../../../../arm-none-eabi/lib/armv6-m/crt0.o
                0x0000000000000470                _mainCRTStartup
                0x0000000000000470                _start
 .text          0x00000000000004e8       0x9c /Applications/KDS_v3.app/Contents/toolchain/bin/../lib/gcc/arm-none-eabi/4.8.4/armv6-m/libgcc.a(_udivsi3.o)
                0x00000000000004e8                __udivsi3
                0x00000000000004e8                __aeabi_uidiv
                0x0000000000000570                __aeabi_uidivmod
 .text          0x0000000000000584       0xc0 /Applications/KDS_v3.app/Contents/toolchain/bin/../lib/gcc/arm-none-eabi/4.8.4/armv6-m/libgcc.a(_divsi3.o)
                0x0000000000000584                __aeabi_idiv
                0x0000000000000584                __divsi3
                0x0000000000000630                __aeabi_idivmod
 .text          0x0000000000000644        0x4 /Applications/KDS_v3.app/Contents/toolchain/bin/../lib/gcc/arm-none-eabi/4.8.4/armv6-m/libgcc.a(_dvmd_tls.o)
                0x0000000000000644                __aeabi_ldiv0
                0x0000000000000644                __aeabi_idiv0
 .text          0x0000000000000648       0xa0 ./uLipeRtosV4/source/arch/OsPort_M0_a.o
                0x0000000000000648                uLipeEnterCritical
                0x0000000000000650                uLipeExitCritical
                0x0000000000000656                uLipeMemCpy
                0x0000000000000658                uLipeMemSet
                0x000000000000065a                SVC_Handler
                0x0000000000000690                PendSV_Handler
                0x00000000000006d0                SysTick_Handler
 .text          0x00000000000006e8       0xc8 ./startup/startup_MKL25Z4.o
                0x00000000000006e8                Reset_Handler
                0x0000000000000728                DAC0_IRQHandler
                0x0000000000000728                USB0_IRQHandler
                0x0000000000000728                PIT_IRQHandler
                0x0000000000000728                Reserved45_IRQHandler
                0x0000000000000728                CMP0_IRQHandler
                0x0000000000000728                LPTMR0_IRQHandler
                0x0000000000000728                FTFA_IRQHandler
                0x0000000000000728                TPM0_IRQHandler
                0x0000000000000728                LLWU_IRQHandler
                0x0000000000000728                PORTA_IRQHandler
                0x0000000000000728                ADC0_IRQHandler
                0x0000000000000728                Reserved39_IRQHandler
                0x0000000000000728                LVD_LVW_IRQHandler
                0x0000000000000728                DefaultISR
                0x0000000000000728                PORTD_IRQHandler
                0x0000000000000728                TPM2_IRQHandler
                0x0000000000000728                RTC_IRQHandler
                0x0000000000000728                RTC_Seconds_IRQHandler
                0x0000000000000728                MCG_IRQHandler
                0x0000000000000728                TPM1_IRQHandler
                0x0000000000000728                Reserved20_IRQHandler
                0x000000000000072c                NMI_Handler
                0x0000000000000730                HardFault_Handler
                0x0000000000000740                DMA0_IRQHandler
                0x0000000000000744                DMA1_IRQHandler
                0x0000000000000748                DMA2_IRQHandler
                0x000000000000074c                DMA3_IRQHandler
                0x0000000000000750                I2C0_IRQHandler
                0x0000000000000754                I2C1_IRQHandler
                0x0000000000000758                SPI0_IRQHandler
                0x000000000000075c                SPI1_IRQHandler
                0x0000000000000760                UART0_IRQHandler
                0x0000000000000764                UART1_IRQHandler
                0x0000000000000768                UART2_IRQHandler
 *(.text*)
 .text.UART1_DriverIRQHandler
                0x00000000000007b0       0x24 /var/folders/x_/sqk25f8j7w915dynz_bbhrh40000gp/T//cceL1Urv.ltrans0.ltrans.o
                0x00000000000007b0                UART1_DriverIRQHandler
 .text.UART2_DriverIRQHandler
                0x00000000000007d4       0x24 /var/folders/x_/sqk25f8j7w915dynz_bbhrh40000gp/T//cceL1Urv.ltrans0.ltrans.o
                0x00000000000007d4                UART2_DriverIRQHandler
 .text.CLOCK_SetSimSafeDivs.9154.4103
                0x00000000000007f8       0x1c /var/folders/x_/sqk25f8j7w915dynz_bbhrh40000gp/T//cceL1Urv.ltrans0.ltrans.o
 .text.CLOCK_SetXtal0Freq.9157.4100
                0x0000000000000814       0x18 /var/folders/x_/sqk25f8j7w915dynz_bbhrh40000gp/T//cceL1Urv.ltrans0.ltrans.o
 .text.BOARD_BootClockRUN
                0x000000000000082c       0x68 /var/folders/x_/sqk25f8j7w915dynz_bbhrh40000gp/T//cceL1Urv.ltrans0.ltrans.o
                0x000000000000082c                BOARD_BootClockRUN
 .text.BOARD_InitOsc0.4077
                0x0000000000000894       0x2c /var/folders/x_/sqk25f8j7w915dynz_bbhrh40000gp/T//cceL1Urv.ltrans0.ltrans.o
 .text.CLOCK_EnableClock.9259.4071
                0x00000000000008c0       0x34 /var/folders/x_/sqk25f8j7w915dynz_bbhrh40000gp/T//cceL1Urv.ltrans0.ltrans.o
 .text.PORT_SetPinMux.9265.4028
                0x00000000000008f4       0x3c /var/folders/x_/sqk25f8j7w915dynz_bbhrh40000gp/T//cceL1Urv.ltrans0.ltrans.o
 .text.BOARD_InitPins
                0x0000000000000930       0x68 /var/folders/x_/sqk25f8j7w915dynz_bbhrh40000gp/T//cceL1Urv.ltrans0.ltrans.o
                0x0000000000000930                BOARD_InitPins
 .text.BOARD_InitTOUCH
                0x0000000000000998       0x4c /var/folders/x_/sqk25f8j7w915dynz_bbhrh40000gp/T//cceL1Urv.ltrans0.ltrans.o
                0x0000000000000998                BOARD_InitTOUCH
 .text.TSI_Init
                0x00000000000009e4      0x1a4 /var/folders/x_/sqk25f8j7w915dynz_bbhrh40000gp/T//cceL1Urv.ltrans1.ltrans.o
                0x00000000000009e4                TSI_Init
 .text.TSI_Deinit
                0x0000000000000b88       0x2c /var/folders/x_/sqk25f8j7w915dynz_bbhrh40000gp/T//cceL1Urv.ltrans1.ltrans.o
                0x0000000000000b88                TSI_Deinit
 .text.TSI_GetNormalModeDefaultConfig
                0x0000000000000bb4       0x40 /var/folders/x_/sqk25f8j7w915dynz_bbhrh40000gp/T//cceL1Urv.ltrans1.ltrans.o
                0x0000000000000bb4                TSI_GetNormalModeDefaultConfig
 .text.TSI_EnableInterrupts
                0x0000000000000bf4       0x5c /var/folders/x_/sqk25f8j7w915dynz_bbhrh40000gp/T//cceL1Urv.ltrans1.ltrans.o
                0x0000000000000bf4                TSI_EnableInterrupts
 .text.TSI_DisableInterrupts.4195
                0x0000000000000c50       0x5c /var/folders/x_/sqk25f8j7w915dynz_bbhrh40000gp/T//cceL1Urv.ltrans1.ltrans.o
 .text.TSI_ClearStatusFlags
                0x0000000000000cac       0x44 /var/folders/x_/sqk25f8j7w915dynz_bbhrh40000gp/T//cceL1Urv.ltrans1.ltrans.o
                0x0000000000000cac                TSI_ClearStatusFlags
 .text.SPI_CommonIRQHandler.8196.4338
                0x0000000000000cf0       0x54 /var/folders/x_/sqk25f8j7w915dynz_bbhrh40000gp/T//cceL1Urv.ltrans2.ltrans.o
 .text.SPI0_DriverIRQHandler
                0x0000000000000d44       0x3c /var/folders/x_/sqk25f8j7w915dynz_bbhrh40000gp/T//cceL1Urv.ltrans2.ltrans.o
                0x0000000000000d44                SPI0_DriverIRQHandler
 .text.SPI1_DriverIRQHandler
                0x0000000000000d80       0x3c /var/folders/x_/sqk25f8j7w915dynz_bbhrh40000gp/T//cceL1Urv.ltrans2.ltrans.o
                0x0000000000000d80                SPI1_DriverIRQHandler
 .text.CLOCK_EnableClock.8403.4215
                0x0000000000000dbc       0x34 /var/folders/x_/sqk25f8j7w915dynz_bbhrh40000gp/T//cceL1Urv.ltrans2.ltrans.o
 .text.TPM_GetInstance.8412.4209
                0x0000000000000df0       0x60 /var/folders/x_/sqk25f8j7w915dynz_bbhrh40000gp/T//cceL1Urv.ltrans2.ltrans.o
 .text.TPM_Init
                0x0000000000000e50       0xe0 /var/folders/x_/sqk25f8j7w915dynz_bbhrh40000gp/T//cceL1Urv.ltrans2.ltrans.o
                0x0000000000000e50                TPM_Init
 .text.TPM_GetDefaultConfig
                0x0000000000000f30       0x60 /var/folders/x_/sqk25f8j7w915dynz_bbhrh40000gp/T//cceL1Urv.ltrans2.ltrans.o
                0x0000000000000f30                TPM_GetDefaultConfig
 .text.TPM_SetupPwm
                0x0000000000000f90      0x210 /var/folders/x_/sqk25f8j7w915dynz_bbhrh40000gp/T//cceL1Urv.ltrans2.ltrans.o
                0x0000000000000f90                TPM_SetupPwm
 .text.TPM_UpdatePwmDutycycle
                0x00000000000011a0       0xd4 /var/folders/x_/sqk25f8j7w915dynz_bbhrh40000gp/T//cceL1Urv.ltrans2.ltrans.o
                0x00000000000011a0                TPM_UpdatePwmDutycycle
 .text.CLOCK_EnableClock.8539
                0x0000000000001274       0x34 /var/folders/x_/sqk25f8j7w915dynz_bbhrh40000gp/T//cceL1Urv.ltrans2.ltrans.o
                0x0000000000001274                CLOCK_EnableClock.8539
 .text.CLOCK_DisableClock.8545
                0x00000000000012a8       0x38 /var/folders/x_/sqk25f8j7w915dynz_bbhrh40000gp/T//cceL1Urv.ltrans2.ltrans.o
                0x00000000000012a8                CLOCK_DisableClock.8545
 .text.TSI_SetElectrodeOSCPrescaler.8558
                0x00000000000012e0       0x30 /var/folders/x_/sqk25f8j7w915dynz_bbhrh40000gp/T//cceL1Urv.ltrans2.ltrans.o
                0x00000000000012e0                TSI_SetElectrodeOSCPrescaler.8558
 .text.TSI_SetNumberOfScans.8564
                0x0000000000001310       0x34 /var/folders/x_/sqk25f8j7w915dynz_bbhrh40000gp/T//cceL1Urv.ltrans2.ltrans.o
                0x0000000000001310                TSI_SetNumberOfScans.8564
 .text.TSI_EnableModule.8570
                0x0000000000001344       0x40 /var/folders/x_/sqk25f8j7w915dynz_bbhrh40000gp/T//cceL1Urv.ltrans2.ltrans.o
                0x0000000000001344                TSI_EnableModule.8570
 .text.TSI_SetLowThreshold.8623
                0x0000000000001384       0x50 /var/folders/x_/sqk25f8j7w915dynz_bbhrh40000gp/T//cceL1Urv.ltrans2.ltrans.o
                0x0000000000001384                TSI_SetLowThreshold.8623
 .text.TSI_SetHighThreshold.8619
                0x00000000000013d4       0x50 /var/folders/x_/sqk25f8j7w915dynz_bbhrh40000gp/T//cceL1Urv.ltrans2.ltrans.o
                0x00000000000013d4                TSI_SetHighThreshold.8619
 .text.TSI_SetAnalogMode.8583
                0x0000000000001424       0x34 /var/folders/x_/sqk25f8j7w915dynz_bbhrh40000gp/T//cceL1Urv.ltrans2.ltrans.o
                0x0000000000001424                TSI_SetAnalogMode.8583
 .text.TSI_SetReferenceChargeCurrent.8589
                0x0000000000001458       0x34 /var/folders/x_/sqk25f8j7w915dynz_bbhrh40000gp/T//cceL1Urv.ltrans2.ltrans.o
                0x0000000000001458                TSI_SetReferenceChargeCurrent.8589
 .text.TSI_SetElectrodeChargeCurrent.8595
                0x000000000000148c       0x34 /var/folders/x_/sqk25f8j7w915dynz_bbhrh40000gp/T//cceL1Urv.ltrans2.ltrans.o
                0x000000000000148c                TSI_SetElectrodeChargeCurrent.8595
 .text.TSI_SetOscVoltageRails.8601
                0x00000000000014c0       0x34 /var/folders/x_/sqk25f8j7w915dynz_bbhrh40000gp/T//cceL1Urv.ltrans2.ltrans.o
                0x00000000000014c0                TSI_SetOscVoltageRails.8601
 .text.TSI_SetElectrodeSeriesResistor.8607
                0x00000000000014f4       0x34 /var/folders/x_/sqk25f8j7w915dynz_bbhrh40000gp/T//cceL1Urv.ltrans2.ltrans.o
                0x00000000000014f4                TSI_SetElectrodeSeriesResistor.8607
 .text.TSI_SetFilterBits.8613
                0x0000000000001528       0x2c /var/folders/x_/sqk25f8j7w915dynz_bbhrh40000gp/T//cceL1Urv.ltrans2.ltrans.o
                0x0000000000001528                TSI_SetFilterBits.8613
 .text.UART0_DriverIRQHandler
                0x0000000000001554       0x24 /var/folders/x_/sqk25f8j7w915dynz_bbhrh40000gp/T//cceL1Urv.ltrans4.ltrans.o
                0x0000000000001554                UART0_DriverIRQHandler
 .text.I2C0_DriverIRQHandler
                0x0000000000001578       0x20 /var/folders/x_/sqk25f8j7w915dynz_bbhrh40000gp/T//cceL1Urv.ltrans5.ltrans.o
                0x0000000000001578                I2C0_DriverIRQHandler
 .text.I2C1_DriverIRQHandler
                0x0000000000001598       0x20 /var/folders/x_/sqk25f8j7w915dynz_bbhrh40000gp/T//cceL1Urv.ltrans5.ltrans.o
                0x0000000000001598                I2C1_DriverIRQHandler
 .text.I2C_TransferCommonIRQHandler.6647
                0x00000000000015b8       0x58 /var/folders/x_/sqk25f8j7w915dynz_bbhrh40000gp/T//cceL1Urv.ltrans6.ltrans.o
                0x00000000000015b8                I2C_TransferCommonIRQHandler.6647
 .text.DMA_ClearChannelStatusFlags.6004.4272
                0x0000000000001610       0x60 /var/folders/x_/sqk25f8j7w915dynz_bbhrh40000gp/T//cceL1Urv.ltrans8.ltrans.o
 .text.DMA_HandleIRQ.4166
                0x0000000000001670       0x60 /var/folders/x_/sqk25f8j7w915dynz_bbhrh40000gp/T//cceL1Urv.ltrans8.ltrans.o
 .text.DMA0_DriverIRQHandler
                0x00000000000016d0       0x18 /var/folders/x_/sqk25f8j7w915dynz_bbhrh40000gp/T//cceL1Urv.ltrans8.ltrans.o
                0x00000000000016d0                DMA0_DriverIRQHandler
 .text.DMA1_DriverIRQHandler
                0x00000000000016e8       0x18 /var/folders/x_/sqk25f8j7w915dynz_bbhrh40000gp/T//cceL1Urv.ltrans8.ltrans.o
                0x00000000000016e8                DMA1_DriverIRQHandler
 .text.DMA2_DriverIRQHandler
                0x0000000000001700       0x18 /var/folders/x_/sqk25f8j7w915dynz_bbhrh40000gp/T//cceL1Urv.ltrans8.ltrans.o
                0x0000000000001700                DMA2_DriverIRQHandler
 .text.DMA3_DriverIRQHandler
                0x0000000000001718       0x18 /var/folders/x_/sqk25f8j7w915dynz_bbhrh40000gp/T//cceL1Urv.ltrans8.ltrans.o
                0x0000000000001718                DMA3_DriverIRQHandler
 .text.CLOCK_SetPbeMode.4271
                0x0000000000001730       0xbc /var/folders/x_/sqk25f8j7w915dynz_bbhrh40000gp/T//cceL1Urv.ltrans9.ltrans.o
 .text.CLOCK_BootToPeeMode
                0x00000000000017ec       0x80 /var/folders/x_/sqk25f8j7w915dynz_bbhrh40000gp/T//cceL1Urv.ltrans9.ltrans.o
                0x00000000000017ec                CLOCK_BootToPeeMode
 .text.__assert_func
                0x000000000000186c       0x28 /var/folders/x_/sqk25f8j7w915dynz_bbhrh40000gp/T//cceL1Urv.ltrans9.ltrans.o
                0x000000000000186c                __assert_func
 .text.CLOCK_GetOsc0ErClkFreq.4152
                0x0000000000001894       0x4c /var/folders/x_/sqk25f8j7w915dynz_bbhrh40000gp/T//cceL1Urv.ltrans10.ltrans.o
 .text.CLOCK_GetEr32kClkFreq.4150
                0x00000000000018e0       0x84 /var/folders/x_/sqk25f8j7w915dynz_bbhrh40000gp/T//cceL1Urv.ltrans10.ltrans.o
 .text.CLOCK_GetPllFllSelClkFreq.4148
                0x0000000000001964       0x4c /var/folders/x_/sqk25f8j7w915dynz_bbhrh40000gp/T//cceL1Urv.ltrans10.ltrans.o
 .text.CLOCK_GetFreq
                0x00000000000019b0       0xe0 /var/folders/x_/sqk25f8j7w915dynz_bbhrh40000gp/T//cceL1Urv.ltrans10.ltrans.o
                0x00000000000019b0                CLOCK_GetFreq
 .text.CLOCK_SetSimConfig
                0x0000000000001a90       0x34 /var/folders/x_/sqk25f8j7w915dynz_bbhrh40000gp/T//cceL1Urv.ltrans10.ltrans.o
                0x0000000000001a90                CLOCK_SetSimConfig
 .text.CLOCK_GetOutClkFreq.4117
                0x0000000000001ac4       0x60 /var/folders/x_/sqk25f8j7w915dynz_bbhrh40000gp/T//cceL1Urv.ltrans10.ltrans.o
 .text.CLOCK_GetFllFreq.4115
                0x0000000000001b24       0x7c /var/folders/x_/sqk25f8j7w915dynz_bbhrh40000gp/T//cceL1Urv.ltrans10.ltrans.o
 .text.CLOCK_GetInternalRefClkFreq.4113
                0x0000000000001ba0       0x28 /var/folders/x_/sqk25f8j7w915dynz_bbhrh40000gp/T//cceL1Urv.ltrans10.ltrans.o
 .text.CLOCK_GetFixedFreqClkFreq.4111
                0x0000000000001bc8       0x30 /var/folders/x_/sqk25f8j7w915dynz_bbhrh40000gp/T//cceL1Urv.ltrans10.ltrans.o
 .text.CLOCK_GetPll0Freq.4109
                0x0000000000001bf8       0x80 /var/folders/x_/sqk25f8j7w915dynz_bbhrh40000gp/T//cceL1Urv.ltrans10.ltrans.o
 .text.CLOCK_SetExternalRefClkConfig
                0x0000000000001c78       0x40 /var/folders/x_/sqk25f8j7w915dynz_bbhrh40000gp/T//cceL1Urv.ltrans10.ltrans.o
                0x0000000000001c78                CLOCK_SetExternalRefClkConfig
 .text.CLOCK_SetInternalRefClkConfig
                0x0000000000001cb8      0x11c /var/folders/x_/sqk25f8j7w915dynz_bbhrh40000gp/T//cceL1Urv.ltrans10.ltrans.o
                0x0000000000001cb8                CLOCK_SetInternalRefClkConfig
 .text.CLOCK_EnablePll0
                0x0000000000001dd4       0xa4 /var/folders/x_/sqk25f8j7w915dynz_bbhrh40000gp/T//cceL1Urv.ltrans10.ltrans.o
                0x0000000000001dd4                CLOCK_EnablePll0
 .text.CLOCK_InitOsc0
                0x0000000000001e78       0x94 /var/folders/x_/sqk25f8j7w915dynz_bbhrh40000gp/T//cceL1Urv.ltrans10.ltrans.o
                0x0000000000001e78                CLOCK_InitOsc0
 .text.CLOCK_SetTpmClock.4898.4244
                0x0000000000001f0c       0x38 /var/folders/x_/sqk25f8j7w915dynz_bbhrh40000gp/T//cceL1Urv.ltrans11.ltrans.o
 .text.TSI_GetStatusFlags.4901.4241
                0x0000000000001f44       0x1c /var/folders/x_/sqk25f8j7w915dynz_bbhrh40000gp/T//cceL1Urv.ltrans11.ltrans.o
 .text.TSI_EnableModule.4909.4237
                0x0000000000001f60       0x40 /var/folders/x_/sqk25f8j7w915dynz_bbhrh40000gp/T//cceL1Urv.ltrans11.ltrans.o
 .text.TSI_StartSoftwareTrigger.4914.4234
                0x0000000000001fa0       0x1c /var/folders/x_/sqk25f8j7w915dynz_bbhrh40000gp/T//cceL1Urv.ltrans11.ltrans.o
 .text.TSI_SetMeasuredChannelNumber.4949.4230
                0x0000000000001fbc       0x4c /var/folders/x_/sqk25f8j7w915dynz_bbhrh40000gp/T//cceL1Urv.ltrans11.ltrans.o
 .text.TSI_GetCounter.4917.4219
                0x0000000000002008       0x18 /var/folders/x_/sqk25f8j7w915dynz_bbhrh40000gp/T//cceL1Urv.ltrans11.ltrans.o
 .text.TPM_StartTimer.4922.4200
                0x0000000000002020       0x38 /var/folders/x_/sqk25f8j7w915dynz_bbhrh40000gp/T//cceL1Urv.ltrans11.ltrans.o
 .text.dly_task.4943.4195
                0x0000000000002058       0x10 /var/folders/x_/sqk25f8j7w915dynz_bbhrh40000gp/T//cceL1Urv.ltrans11.ltrans.o
 .text.led_task.4946.4189
                0x0000000000002068      0x1d4 /var/folders/x_/sqk25f8j7w915dynz_bbhrh40000gp/T//cceL1Urv.ltrans11.ltrans.o
 .text.touch_task.4953.4192
                0x000000000000223c       0xe4 /var/folders/x_/sqk25f8j7w915dynz_bbhrh40000gp/T//cceL1Urv.ltrans11.ltrans.o
 .text.TSI0_IRQHandler
                0x0000000000002320       0x4c /var/folders/x_/sqk25f8j7w915dynz_bbhrh40000gp/T//cceL1Urv.ltrans11.ltrans.o
                0x0000000000002320                TSI0_IRQHandler
 .text.main     0x000000000000236c       0xc4 /var/folders/x_/sqk25f8j7w915dynz_bbhrh40000gp/T//cceL1Urv.ltrans11.ltrans.o
                0x000000000000236c                main
 .text.CLOCK_SetEr32kClock.5271
                0x0000000000002430       0x30 /var/folders/x_/sqk25f8j7w915dynz_bbhrh40000gp/T//cceL1Urv.ltrans11.ltrans.o
                0x0000000000002430                CLOCK_SetEr32kClock.5271
 .text.CLOCK_SetPllFllSelClock.5276
                0x0000000000002460       0x38 /var/folders/x_/sqk25f8j7w915dynz_bbhrh40000gp/T//cceL1Urv.ltrans11.ltrans.o
                0x0000000000002460                CLOCK_SetPllFllSelClock.5276
 .text.OSC_SetExtRefClkConfig.5279
                0x0000000000002498       0x48 /var/folders/x_/sqk25f8j7w915dynz_bbhrh40000gp/T//cceL1Urv.ltrans11.ltrans.o
                0x0000000000002498                OSC_SetExtRefClkConfig.5279
 .text.OSC_SetCapLoad.5291
                0x00000000000024e0       0x4c /var/folders/x_/sqk25f8j7w915dynz_bbhrh40000gp/T//cceL1Urv.ltrans11.ltrans.o
                0x00000000000024e0                OSC_SetCapLoad.5291
 .text.CLOCK_GetMcgExtClkFreq.5297
                0x000000000000252c       0x34 /var/folders/x_/sqk25f8j7w915dynz_bbhrh40000gp/T//cceL1Urv.ltrans11.ltrans.o
                0x000000000000252c                CLOCK_GetMcgExtClkFreq.5297
 .text.CLOCK_GetFllExtRefClkFreq.5299.4028
                0x0000000000002560       0xa4 /var/folders/x_/sqk25f8j7w915dynz_bbhrh40000gp/T//cceL1Urv.ltrans11.ltrans.o
 .text.CLOCK_GetInternalRefClkSelectFreq.5301
                0x0000000000002604       0x44 /var/folders/x_/sqk25f8j7w915dynz_bbhrh40000gp/T//cceL1Urv.ltrans11.ltrans.o
                0x0000000000002604                CLOCK_GetInternalRefClkSelectFreq.5301
 .text.CLOCK_GetFllRefClkFreq.5303
                0x0000000000002648       0x30 /var/folders/x_/sqk25f8j7w915dynz_bbhrh40000gp/T//cceL1Urv.ltrans11.ltrans.o
                0x0000000000002648                CLOCK_GetFllRefClkFreq.5303
 .text.CLOCK_GetPll0RefFreq.5305
                0x0000000000002678       0x10 /var/folders/x_/sqk25f8j7w915dynz_bbhrh40000gp/T//cceL1Urv.ltrans11.ltrans.o
                0x0000000000002678                CLOCK_GetPll0RefFreq.5305
 .text.CLOCK_GetOscRangeFromFreq.5307
                0x0000000000002688       0x4c /var/folders/x_/sqk25f8j7w915dynz_bbhrh40000gp/T//cceL1Urv.ltrans11.ltrans.o
                0x0000000000002688                CLOCK_GetOscRangeFromFreq.5307
 .text.uLipeInitMachine.4205
                0x00000000000026d4       0x48 /var/folders/x_/sqk25f8j7w915dynz_bbhrh40000gp/T//cceL1Urv.ltrans12.ltrans.o
 .text.uLipePortChange.4198
                0x000000000000271c       0x1c /var/folders/x_/sqk25f8j7w915dynz_bbhrh40000gp/T//cceL1Urv.ltrans12.ltrans.o
 .text.uLipeFlagsInit.4196
                0x0000000000002738       0x14 /var/folders/x_/sqk25f8j7w915dynz_bbhrh40000gp/T//cceL1Urv.ltrans12.ltrans.o
 .text.uLipeFlagsCreate
                0x000000000000274c       0x18 /var/folders/x_/sqk25f8j7w915dynz_bbhrh40000gp/T//cceL1Urv.ltrans12.ltrans.o
                0x000000000000274c                uLipeFlagsCreate
 .text.uLipeFlagsPend
                0x0000000000002764       0x34 /var/folders/x_/sqk25f8j7w915dynz_bbhrh40000gp/T//cceL1Urv.ltrans12.ltrans.o
                0x0000000000002764                uLipeFlagsPend
 .text.uLipeFlagsPost
                0x0000000000002798       0x1c /var/folders/x_/sqk25f8j7w915dynz_bbhrh40000gp/T//cceL1Urv.ltrans12.ltrans.o
                0x0000000000002798                uLipeFlagsPost
 .text.uLipePrioSet.4502.4176
                0x00000000000027b4       0x74 /var/folders/x_/sqk25f8j7w915dynz_bbhrh40000gp/T//cceL1Urv.ltrans12.ltrans.o
 .text.uLipePrioClr.4515.4172
                0x0000000000002828       0x88 /var/folders/x_/sqk25f8j7w915dynz_bbhrh40000gp/T//cceL1Urv.ltrans12.ltrans.o
 .text.uLipeKernelIdleTask.4138
                0x00000000000028b0        0xc /var/folders/x_/sqk25f8j7w915dynz_bbhrh40000gp/T//cceL1Urv.ltrans12.ltrans.o
 .text.uLipeKernelClz.4522.4169
                0x00000000000028bc       0xa0 /var/folders/x_/sqk25f8j7w915dynz_bbhrh40000gp/T//cceL1Urv.ltrans12.ltrans.o
 .text.uLipeKernelIrqIn
                0x000000000000295c       0x34 /var/folders/x_/sqk25f8j7w915dynz_bbhrh40000gp/T//cceL1Urv.ltrans12.ltrans.o
                0x000000000000295c                uLipeKernelIrqIn
 .text.uLipeKernelIrqOut
                0x0000000000002990       0x38 /var/folders/x_/sqk25f8j7w915dynz_bbhrh40000gp/T//cceL1Urv.ltrans12.ltrans.o
                0x0000000000002990                uLipeKernelIrqOut
 .text.uLipeKernelFindHighPrio.4155
                0x00000000000029c8       0xd0 /var/folders/x_/sqk25f8j7w915dynz_bbhrh40000gp/T//cceL1Urv.ltrans12.ltrans.o
 .text.uLipeKernelTaskYield.4153
                0x0000000000002a98       0x68 /var/folders/x_/sqk25f8j7w915dynz_bbhrh40000gp/T//cceL1Urv.ltrans12.ltrans.o
 .text.uLipeKernelRtosTick
                0x0000000000002b00      0x18c /var/folders/x_/sqk25f8j7w915dynz_bbhrh40000gp/T//cceL1Urv.ltrans12.ltrans.o
                0x0000000000002b00                uLipeKernelRtosTick
 .text.uLipeRtosInit
                0x0000000000002c8c       0x90 /var/folders/x_/sqk25f8j7w915dynz_bbhrh40000gp/T//cceL1Urv.ltrans12.ltrans.o
                0x0000000000002c8c                uLipeRtosInit
 .text.uLipeRtosStart
                0x0000000000002d1c       0x48 /var/folders/x_/sqk25f8j7w915dynz_bbhrh40000gp/T//cceL1Urv.ltrans12.ltrans.o
                0x0000000000002d1c                uLipeRtosStart
 .text.uLipeMutexInit.4131
                0x0000000000002d64       0x14 /var/folders/x_/sqk25f8j7w915dynz_bbhrh40000gp/T//cceL1Urv.ltrans12.ltrans.o
 .text.uLipeMutexCreate
                0x0000000000002d78       0x1c /var/folders/x_/sqk25f8j7w915dynz_bbhrh40000gp/T//cceL1Urv.ltrans12.ltrans.o
                0x0000000000002d78                uLipeMutexCreate
 .text.uLipeQueueInit.4116
                0x0000000000002d94       0x14 /var/folders/x_/sqk25f8j7w915dynz_bbhrh40000gp/T//cceL1Urv.ltrans12.ltrans.o
 .text.uLipeQueueCreate
                0x0000000000002da8       0x1c /var/folders/x_/sqk25f8j7w915dynz_bbhrh40000gp/T//cceL1Urv.ltrans12.ltrans.o
                0x0000000000002da8                uLipeQueueCreate
 .text.uLipeQueueInsert
                0x0000000000002dc4       0x28 /var/folders/x_/sqk25f8j7w915dynz_bbhrh40000gp/T//cceL1Urv.ltrans12.ltrans.o
                0x0000000000002dc4                uLipeQueueInsert
 .text.uLipeQueueRemove
                0x0000000000002dec       0x2c /var/folders/x_/sqk25f8j7w915dynz_bbhrh40000gp/T//cceL1Urv.ltrans12.ltrans.o
                0x0000000000002dec                uLipeQueueRemove
 .text.uLipeSemInit.4087
                0x0000000000002e18        0x8 /var/folders/x_/sqk25f8j7w915dynz_bbhrh40000gp/T//cceL1Urv.ltrans12.ltrans.o
 .text.uLipeSemCreate
                0x0000000000002e20       0x28 /var/folders/x_/sqk25f8j7w915dynz_bbhrh40000gp/T//cceL1Urv.ltrans12.ltrans.o
                0x0000000000002e20                uLipeSemCreate
 .text.uLipeTaskInit.4067
                0x0000000000002e48       0x18 /var/folders/x_/sqk25f8j7w915dynz_bbhrh40000gp/T//cceL1Urv.ltrans12.ltrans.o
 .text.uLipeTaskCreate
                0x0000000000002e60       0x40 /var/folders/x_/sqk25f8j7w915dynz_bbhrh40000gp/T//cceL1Urv.ltrans12.ltrans.o
                0x0000000000002e60                uLipeTaskCreate
 .text.uLipeTaskDelay
                0x0000000000002ea0       0x1c /var/folders/x_/sqk25f8j7w915dynz_bbhrh40000gp/T//cceL1Urv.ltrans12.ltrans.o
                0x0000000000002ea0                uLipeTaskDelay
 .text.SystemInit
                0x0000000000002ebc       0x18 /var/folders/x_/sqk25f8j7w915dynz_bbhrh40000gp/T//cceL1Urv.ltrans12.ltrans.o
                0x0000000000002ebc                SystemInit
 .text.NVIC_EnableIRQ.4878
                0x0000000000002ed4       0x2c /var/folders/x_/sqk25f8j7w915dynz_bbhrh40000gp/T//cceL1Urv.ltrans12.ltrans.o
                0x0000000000002ed4                NVIC_EnableIRQ.4878
 .text.NVIC_DisableIRQ.4884
                0x0000000000002f00       0x2c /var/folders/x_/sqk25f8j7w915dynz_bbhrh40000gp/T//cceL1Urv.ltrans12.ltrans.o
                0x0000000000002f00                NVIC_DisableIRQ.4884
 .text.NVIC_SetPriority.4887
                0x0000000000002f2c       0xe0 /var/folders/x_/sqk25f8j7w915dynz_bbhrh40000gp/T//cceL1Urv.ltrans12.ltrans.o
                0x0000000000002f2c                NVIC_SetPriority.4887
 .text.CLOCK_EnableClock.4893
                0x000000000000300c       0x34 /var/folders/x_/sqk25f8j7w915dynz_bbhrh40000gp/T//cceL1Urv.ltrans12.ltrans.o
                0x000000000000300c                CLOCK_EnableClock.4893
 .text.DbgConsole_Printf
                0x0000000000003040       0x48 /var/folders/x_/sqk25f8j7w915dynz_bbhrh40000gp/T//cceL1Urv.ltrans13.ltrans.o
                0x0000000000003040                DbgConsole_Printf
 .text.DbgConsole_Putchar.4174
                0x0000000000003088       0x38 /var/folders/x_/sqk25f8j7w915dynz_bbhrh40000gp/T//cceL1Urv.ltrans13.ltrans.o
 .text.DbgConsole_PrintfPaddingCharacter.4085.4159
                0x00000000000030c0       0x48 /var/folders/x_/sqk25f8j7w915dynz_bbhrh40000gp/T//cceL1Urv.ltrans13.ltrans.o
 .text.DbgConsole_ConvertRadixNumToString.4093.4152
                0x0000000000003108      0x114 /var/folders/x_/sqk25f8j7w915dynz_bbhrh40000gp/T//cceL1Urv.ltrans13.ltrans.o
 .text.DbgConsole_PrintfFormattedData.4100.4146
                0x000000000000321c      0x344 /var/folders/x_/sqk25f8j7w915dynz_bbhrh40000gp/T//cceL1Urv.ltrans13.ltrans.o
 .text.strlen   0x0000000000003560        0xe /Applications/KDS_v3.app/Contents/toolchain/bin/../lib/gcc/arm-none-eabi/4.8.4/../../../../arm-none-eabi/lib/armv6-m/libg_s.a(lib_a-strlen.o)
                0x0000000000003560                strlen
 *fill*         0x000000000000356e        0x2 
 .text.exit     0x0000000000003570       0x2c /Applications/KDS_v3.app/Contents/toolchain/bin/../lib/gcc/arm-none-eabi/4.8.4/../../../../arm-none-eabi/lib/armv6-m/libg_s.a(lib_a-exit.o)
                0x0000000000003570                exit
 .text.__libc_init_array
                0x000000000000359c       0x4c /Applications/KDS_v3.app/Contents/toolchain/bin/../lib/gcc/arm-none-eabi/4.8.4/../../../../arm-none-eabi/lib/armv6-m/libg_s.a(lib_a-init.o)
                0x000000000000359c                __libc_init_array
 .text.memset   0x00000000000035e8       0x10 /Applications/KDS_v3.app/Contents/toolchain/bin/../lib/gcc/arm-none-eabi/4.8.4/../../../../arm-none-eabi/lib/armv6-m/libg_s.a(lib_a-memset.o)
                0x00000000000035e8                memset
 .text._exit    0x00000000000035f8        0x4 /Applications/KDS_v3.app/Contents/toolchain/bin/../lib/gcc/arm-none-eabi/4.8.4/../../../../arm-none-eabi/lib/armv6-m/libnosys.a(_exit.o)
                0x00000000000035f8                _exit
 *(.rodata)
 .rodata        0x00000000000035fc      0x124 /var/folders/x_/sqk25f8j7w915dynz_bbhrh40000gp/T//cceL1Urv.ltrans0.ltrans.o
 .rodata        0x0000000000003720       0xdc /var/folders/x_/sqk25f8j7w915dynz_bbhrh40000gp/T//cceL1Urv.ltrans1.ltrans.o
 .rodata        0x00000000000037fc      0x1e4 /var/folders/x_/sqk25f8j7w915dynz_bbhrh40000gp/T//cceL1Urv.ltrans2.ltrans.o
 .rodata        0x00000000000039e0      0x1c0 /var/folders/x_/sqk25f8j7w915dynz_bbhrh40000gp/T//cceL1Urv.ltrans8.ltrans.o
 .rodata        0x0000000000003ba0      0x108 /var/folders/x_/sqk25f8j7w915dynz_bbhrh40000gp/T//cceL1Urv.ltrans9.ltrans.o
 .rodata        0x0000000000003ca8       0x48 /var/folders/x_/sqk25f8j7w915dynz_bbhrh40000gp/T//cceL1Urv.ltrans10.ltrans.o
 .rodata        0x0000000000003cf0       0xd4 /var/folders/x_/sqk25f8j7w915dynz_bbhrh40000gp/T//cceL1Urv.ltrans11.ltrans.o
 *(.rodata*)
 .rodata.CLOCK_GetFreq
                0x0000000000003dc4       0x38 /var/folders/x_/sqk25f8j7w915dynz_bbhrh40000gp/T//cceL1Urv.ltrans10.ltrans.o
 .rodata.clz_lkup.4568
                0x0000000000003dfc       0x10 /var/folders/x_/sqk25f8j7w915dynz_bbhrh40000gp/T//cceL1Urv.ltrans13.ltrans.o
                0x0000000000003dfc                clz_lkup.4568
 .rodata.__func__.5605.5053
                0x0000000000003e0c       0x20 /var/folders/x_/sqk25f8j7w915dynz_bbhrh40000gp/T//cceL1Urv.ltrans13.ltrans.o
                0x0000000000003e0c                __func__.5605.5053
 .rodata.__func__.5402.5504
                0x0000000000003e2c       0x18 /var/folders/x_/sqk25f8j7w915dynz_bbhrh40000gp/T//cceL1Urv.ltrans13.ltrans.o
                0x0000000000003e2c                __func__.5402.5504
 .rodata.__func__.5442.5507
                0x0000000000003e44       0x18 /var/folders/x_/sqk25f8j7w915dynz_bbhrh40000gp/T//cceL1Urv.ltrans13.ltrans.o
                0x0000000000003e44                __func__.5442.5507
 .rodata.__func__.5450.5509
                0x0000000000003e5c       0x18 /var/folders/x_/sqk25f8j7w915dynz_bbhrh40000gp/T//cceL1Urv.ltrans13.ltrans.o
                0x0000000000003e5c                __func__.5450.5509
 .rodata.fllFactorTable.5515.5510
                0x0000000000003e74       0x10 /var/folders/x_/sqk25f8j7w915dynz_bbhrh40000gp/T//cceL1Urv.ltrans13.ltrans.o
                0x0000000000003e74                fllFactorTable.5515.5510
 .rodata.__func__.5530.5513
                0x0000000000003e84       0x14 /var/folders/x_/sqk25f8j7w915dynz_bbhrh40000gp/T//cceL1Urv.ltrans13.ltrans.o
                0x0000000000003e84                __func__.5530.5513
 .rodata.__func__.5573.5514
                0x0000000000003e98       0x14 /var/folders/x_/sqk25f8j7w915dynz_bbhrh40000gp/T//cceL1Urv.ltrans13.ltrans.o
                0x0000000000003e98                __func__.5573.5514
 .rodata.__func__.5704.5516
                0x0000000000003eac       0x14 /var/folders/x_/sqk25f8j7w915dynz_bbhrh40000gp/T//cceL1Urv.ltrans13.ltrans.o
                0x0000000000003eac                __func__.5704.5516
 .rodata.__func__.5768.5517
                0x0000000000003ec0       0x14 /var/folders/x_/sqk25f8j7w915dynz_bbhrh40000gp/T//cceL1Urv.ltrans13.ltrans.o
                0x0000000000003ec0                __func__.5768.5517
 .rodata.__func__.5672.6125
                0x0000000000003ed4       0x10 /var/folders/x_/sqk25f8j7w915dynz_bbhrh40000gp/T//cceL1Urv.ltrans13.ltrans.o
                0x0000000000003ed4                __func__.5672.6125
 .rodata.__func__.5540.6112
                0x0000000000003ee4       0x1c /var/folders/x_/sqk25f8j7w915dynz_bbhrh40000gp/T//cceL1Urv.ltrans13.ltrans.o
                0x0000000000003ee4                __func__.5540.6112
 .rodata.__func__.5771.8224
                0x0000000000003f00       0x18 /var/folders/x_/sqk25f8j7w915dynz_bbhrh40000gp/T//cceL1Urv.ltrans13.ltrans.o
                0x0000000000003f00                __func__.5771.8224
 .rodata.__func__.5775.8225
                0x0000000000003f18       0x18 /var/folders/x_/sqk25f8j7w915dynz_bbhrh40000gp/T//cceL1Urv.ltrans13.ltrans.o
                0x0000000000003f18                __func__.5775.8225
 .rodata.s_tpmBases.8518
                0x0000000000003f30        0xc /var/folders/x_/sqk25f8j7w915dynz_bbhrh40000gp/T//cceL1Urv.ltrans13.ltrans.o
                0x0000000000003f30                s_tpmBases.8518
 .rodata.s_tpmClocks.8521
                0x0000000000003f3c        0xc /var/folders/x_/sqk25f8j7w915dynz_bbhrh40000gp/T//cceL1Urv.ltrans13.ltrans.o
                0x0000000000003f3c                s_tpmClocks.8521
 .rodata.__func__.5544.8519
                0x0000000000003f48       0x10 /var/folders/x_/sqk25f8j7w915dynz_bbhrh40000gp/T//cceL1Urv.ltrans13.ltrans.o
                0x0000000000003f48                __func__.5544.8519
 .rodata.__func__.5549.8520
                0x0000000000003f58        0xc /var/folders/x_/sqk25f8j7w915dynz_bbhrh40000gp/T//cceL1Urv.ltrans13.ltrans.o
                0x0000000000003f58                __func__.5549.8520
 .rodata.__func__.5556.8522
                0x0000000000003f64       0x18 /var/folders/x_/sqk25f8j7w915dynz_bbhrh40000gp/T//cceL1Urv.ltrans13.ltrans.o
                0x0000000000003f64                __func__.5556.8522
 .rodata.__func__.5565.8523
                0x0000000000003f7c       0x10 /var/folders/x_/sqk25f8j7w915dynz_bbhrh40000gp/T//cceL1Urv.ltrans13.ltrans.o
                0x0000000000003f7c                __func__.5565.8523
 .rodata.__func__.5589.8524
                0x0000000000003f8c       0x18 /var/folders/x_/sqk25f8j7w915dynz_bbhrh40000gp/T//cceL1Urv.ltrans13.ltrans.o
                0x0000000000003f8c                __func__.5589.8524
 .rodata.__func__.5592.8682
                0x0000000000003fa4        0xc /var/folders/x_/sqk25f8j7w915dynz_bbhrh40000gp/T//cceL1Urv.ltrans13.ltrans.o
                0x0000000000003fa4                __func__.5592.8682
 .rodata.__func__.5560.8679
                0x0000000000003fb0       0x18 /var/folders/x_/sqk25f8j7w915dynz_bbhrh40000gp/T//cceL1Urv.ltrans13.ltrans.o
                0x0000000000003fb0                __func__.5560.8679
 .rodata.__func__.5555.8680
                0x0000000000003fc8       0x14 /var/folders/x_/sqk25f8j7w915dynz_bbhrh40000gp/T//cceL1Urv.ltrans13.ltrans.o
                0x0000000000003fc8                __func__.5555.8680
 .rodata.str1.1
                0x0000000000003fdc        0x2 /Applications/KDS_v3.app/Contents/toolchain/bin/../lib/gcc/arm-none-eabi/4.8.4/../../../../arm-none-eabi/lib/armv6-m/libg_s.a(lib_a-impure.o)
 *fill*         0x0000000000003fde        0x2 
 .rodata._global_impure_ptr
                0x0000000000003fe0        0x4 /Applications/KDS_v3.app/Contents/toolchain/bin/../lib/gcc/arm-none-eabi/4.8.4/../../../../arm-none-eabi/lib/armv6-m/libg_s.a(lib_a-impure.o)
                0x0000000000003fe0                _global_impure_ptr
 *(.glue_7)
 .glue_7        0x0000000000000000        0x0 linker stubs
 *(.glue_7t)
 .glue_7t       0x0000000000000000        0x0 linker stubs
 *(.eh_frame)
 .eh_frame      0x0000000000003fe4        0x0 /Applications/KDS_v3.app/Contents/toolchain/bin/../lib/gcc/arm-none-eabi/4.8.4/armv6-m/crtbegin.o
 *(.init)
 .init          0x0000000000003fe4        0x4 /Applications/KDS_v3.app/Contents/toolchain/bin/../lib/gcc/arm-none-eabi/4.8.4/armv6-m/crti.o
                0x0000000000003fe4                _init
 .init          0x0000000000003fe8        0x8 /Applications/KDS_v3.app/Contents/toolchain/bin/../lib/gcc/arm-none-eabi/4.8.4/armv6-m/crtn.o
 *(.fini)
 .fini          0x0000000000003ff0        0x4 /Applications/KDS_v3.app/Contents/toolchain/bin/../lib/gcc/arm-none-eabi/4.8.4/armv6-m/crti.o
                0x0000000000003ff0                _fini
 .fini          0x0000000000003ff4        0x8 /Applications/KDS_v3.app/Contents/toolchain/bin/../lib/gcc/arm-none-eabi/4.8.4/armv6-m/crtn.o
                0x0000000000003ffc                . = ALIGN (0x4)

.vfp11_veneer   0x0000000000003ffc        0x0
 .vfp11_veneer  0x0000000000000000        0x0 linker stubs

.v4_bx          0x0000000000003ffc        0x0
 .v4_bx         0x0000000000000000        0x0 linker stubs

.iplt           0x0000000000003ffc        0x0
 .iplt          0x0000000000000000        0x0 /Applications/KDS_v3.app/Contents/toolchain/bin/../lib/gcc/arm-none-eabi/4.8.4/armv6-m/crtbegin.o

.ARM.extab
 *(.ARM.extab* .gnu.linkonce.armextab.*)

.ARM            0x0000000000003ffc        0x8
                0x0000000000003ffc                __exidx_start = .
 *(.ARM.exidx*)
 .ARM.exidx     0x0000000000003ffc        0x8 /Applications/KDS_v3.app/Contents/toolchain/bin/../lib/gcc/arm-none-eabi/4.8.4/../../../../arm-none-eabi/lib/armv6-m/crt0.o
                0x0000000000004004                __exidx_end = .

.rel.dyn        0x0000000000004004        0x0
 .rel.iplt      0x0000000000000000        0x0 /Applications/KDS_v3.app/Contents/toolchain/bin/../lib/gcc/arm-none-eabi/4.8.4/armv6-m/crtbegin.o

.ctors          0x0000000000004004        0x0
                0x0000000000004004                __CTOR_LIST__ = .
 *crtbegin.o(.ctors)
 *crtbegin?.o(.ctors)
 *(EXCLUDE_FILE(*crtend.o *crtend?.o) .ctors)
 *(SORT(.ctors.*))
 *(.ctors)
                0x0000000000004004                __CTOR_END__ = .

.dtors          0x0000000000004004        0x0
                0x0000000000004004                __DTOR_LIST__ = .
 *crtbegin.o(.dtors)
 *crtbegin?.o(.dtors)
 *(EXCLUDE_FILE(*crtend.o *crtend?.o) .dtors)
 *(SORT(.dtors.*))
 *(.dtors)
                0x0000000000004004                __DTOR_END__ = .

.preinit_array  0x0000000000004004        0x0
                0x0000000000004004                PROVIDE (__preinit_array_start, .)
 *(.preinit_array*)
                0x0000000000004004                PROVIDE (__preinit_array_end, .)

.init_array     0x0000000000004004        0x4
                0x0000000000004004                PROVIDE (__init_array_start, .)
 *(SORT(.init_array.*))
 *(.init_array*)
 .init_array    0x0000000000004004        0x4 /Applications/KDS_v3.app/Contents/toolchain/bin/../lib/gcc/arm-none-eabi/4.8.4/armv6-m/crtbegin.o
                0x0000000000004008                PROVIDE (__init_array_end, .)

.fini_array     0x0000000000004008        0x4
                0x0000000000004008                PROVIDE (__fini_array_start, .)
 *(SORT(.fini_array.*))
 *(.fini_array*)
 .fini_array    0x0000000000004008        0x4 /Applications/KDS_v3.app/Contents/toolchain/bin/../lib/gcc/arm-none-eabi/4.8.4/armv6-m/crtbegin.o
                0x000000000000400c                PROVIDE (__fini_array_end, .)
                0x000000000000400c                __etext = .
                0x000000000000400c                __DATA_ROM = .

.mtb            0x000000001ffff000        0x0
                0x000000001ffff000                . = ALIGN (0x8)
                0x000000001ffff000                _mtb_start = .
 *(.mtb_buf)
                0x000000001ffff000                . = ALIGN (0x8)
                0x000000001ffff000                _mtb_end = .

.interrupts_ram
                0x000000001ffff000        0x0
                0x000000001ffff000                . = ALIGN (0x4)
                0x000000001ffff000                __VECTOR_RAM__ = .
                0x000000001ffff000                __interrupts_ram_start__ = .
 *(.m_interrupts_ram)
                0x000000001ffff000                . = (. + M_VECTOR_RAM_SIZE)
                0x000000001ffff000                . = ALIGN (0x4)
                0x000000001ffff000                __interrupts_ram_end__ = .
                0x0000000000000000                __VECTOR_RAM = DEFINED (__ram_vector_table__)?__VECTOR_RAM__:ORIGIN (m_interrupts)
                0x0000000000000000                __RAM_VECTOR_TABLE_SIZE_BYTES = DEFINED (__ram_vector_table__)?(__interrupts_ram_end__ - __interrupts_ram_start__):0x0

.data           0x000000001ffff000       0x70 load address 0x000000000000400c
                0x000000001ffff000                . = ALIGN (0x4)
                0x000000001ffff000                __DATA_RAM = .
                0x000000001ffff000                __data_start__ = .
 *(.data)
 *(.data*)
 .data.SystemCoreClock
                0x000000001ffff000        0x4 /var/folders/x_/sqk25f8j7w915dynz_bbhrh40000gp/T//cceL1Urv.ltrans13.ltrans.o
                0x000000001ffff000                SystemCoreClock
 .data.s_slowIrcFreq.5505
                0x000000001ffff004        0x4 /var/folders/x_/sqk25f8j7w915dynz_bbhrh40000gp/T//cceL1Urv.ltrans13.ltrans.o
                0x000000001ffff004                s_slowIrcFreq.5505
 .data.s_fastIrcFreq.5506
                0x000000001ffff008        0x4 /var/folders/x_/sqk25f8j7w915dynz_bbhrh40000gp/T//cceL1Urv.ltrans13.ltrans.o
                0x000000001ffff008                s_fastIrcFreq.5506
 .data.impure_data
                0x000000001ffff00c       0x60 /Applications/KDS_v3.app/Contents/toolchain/bin/../lib/gcc/arm-none-eabi/4.8.4/../../../../arm-none-eabi/lib/armv6-m/libg_s.a(lib_a-impure.o)
 *(.jcr*)
 .jcr           0x000000001ffff06c        0x0 /Applications/KDS_v3.app/Contents/toolchain/bin/../lib/gcc/arm-none-eabi/4.8.4/armv6-m/crtbegin.o
 .jcr           0x000000001ffff06c        0x4 /Applications/KDS_v3.app/Contents/toolchain/bin/../lib/gcc/arm-none-eabi/4.8.4/armv6-m/crtend.o
                0x000000001ffff070                . = ALIGN (0x4)
                0x000000001ffff070                __data_end__ = .
                0x000000000000407c                __DATA_END = (__DATA_ROM + (__data_end__ - __data_start__))
                0x0000000000020000                text_end = (ORIGIN (m_text) + 0x1fbf0)
                0x0000000000000001                ASSERT ((__DATA_END <= text_end), region m_text overflowed with text and data)
                0x0000000000000000                USB_RAM_GAP = DEFINED (__usb_ram_size__)?__usb_ram_size__:0x0

.igot.plt       0x000000001ffff070        0x0 load address 0x000000000000407c
 .igot.plt      0x0000000000000000        0x0 /Applications/KDS_v3.app/Contents/toolchain/bin/../lib/gcc/arm-none-eabi/4.8.4/armv6-m/crtbegin.o

.bss            0x000000001ffff070      0x990 load address 0x000000000000407c
                0x000000001ffff070                . = ALIGN (0x4)
                0x000000001ffff070                __START_BSS = .
                0x000000001ffff070                __bss_start__ = .
 *(.bss)
 .bss           0x000000001ffff070       0x1c /Applications/KDS_v3.app/Contents/toolchain/bin/../lib/gcc/arm-none-eabi/4.8.4/armv6-m/crtbegin.o
 *(.bss*)
 .bss.s_debugConsole.4158.4352
                0x000000001ffff08c       0x10 /var/folders/x_/sqk25f8j7w915dynz_bbhrh40000gp/T//cceL1Urv.ltrans13.ltrans.o
 .bss.taskPrioList
                0x000000001ffff09c        0x8 /var/folders/x_/sqk25f8j7w915dynz_bbhrh40000gp/T//cceL1Urv.ltrans13.ltrans.o
                0x000000001ffff09c                taskPrioList
 .bss.timerPendingList
                0x000000001ffff0a4       0x14 /var/folders/x_/sqk25f8j7w915dynz_bbhrh40000gp/T//cceL1Urv.ltrans13.ltrans.o
                0x000000001ffff0a4                timerPendingList
 .bss.currentTask
                0x000000001ffff0b8        0x4 /var/folders/x_/sqk25f8j7w915dynz_bbhrh40000gp/T//cceL1Urv.ltrans13.ltrans.o
                0x000000001ffff0b8                currentTask
 .bss.highPrioTask
                0x000000001ffff0bc        0x4 /var/folders/x_/sqk25f8j7w915dynz_bbhrh40000gp/T//cceL1Urv.ltrans13.ltrans.o
                0x000000001ffff0bc                highPrioTask
 .bss.tickCounter
                0x000000001ffff0c0        0x4 /var/folders/x_/sqk25f8j7w915dynz_bbhrh40000gp/T//cceL1Urv.ltrans13.ltrans.o
                0x000000001ffff0c0                tickCounter
 .bss.osConfigured
                0x000000001ffff0c4        0x1 /var/folders/x_/sqk25f8j7w915dynz_bbhrh40000gp/T//cceL1Urv.ltrans13.ltrans.o
                0x000000001ffff0c4                osConfigured
 .bss.osRunning
                0x000000001ffff0c5        0x1 /var/folders/x_/sqk25f8j7w915dynz_bbhrh40000gp/T//cceL1Urv.ltrans13.ltrans.o
                0x000000001ffff0c5                osRunning
 .bss.irqCounter
                0x000000001ffff0c6        0x2 /var/folders/x_/sqk25f8j7w915dynz_bbhrh40000gp/T//cceL1Urv.ltrans13.ltrans.o
                0x000000001ffff0c6                irqCounter
 .bss.idleTaskStack
                0x000000001ffff0c8       0x80 /var/folders/x_/sqk25f8j7w915dynz_bbhrh40000gp/T//cceL1Urv.ltrans13.ltrans.o
                0x000000001ffff0c8                idleTaskStack
 .bss.tcbPtrTbl
                0x000000001ffff148       0x20 /var/folders/x_/sqk25f8j7w915dynz_bbhrh40000gp/T//cceL1Urv.ltrans13.ltrans.o
                0x000000001ffff148                tcbPtrTbl
 .bss.led_stk   0x000000001ffff168      0x300 /var/folders/x_/sqk25f8j7w915dynz_bbhrh40000gp/T//cceL1Urv.ltrans13.ltrans.o
                0x000000001ffff168                led_stk
 .bss.touch_stk
                0x000000001ffff468      0x300 /var/folders/x_/sqk25f8j7w915dynz_bbhrh40000gp/T//cceL1Urv.ltrans13.ltrans.o
                0x000000001ffff468                touch_stk
 .bss.dly_stk   0x000000001ffff768      0x100 /var/folders/x_/sqk25f8j7w915dynz_bbhrh40000gp/T//cceL1Urv.ltrans13.ltrans.o
                0x000000001ffff768                dly_stk
 .bss.sema      0x000000001ffff868        0x4 /var/folders/x_/sqk25f8j7w915dynz_bbhrh40000gp/T//cceL1Urv.ltrans13.ltrans.o
                0x000000001ffff868                sema
 .bss.que       0x000000001ffff86c        0x4 /var/folders/x_/sqk25f8j7w915dynz_bbhrh40000gp/T//cceL1Urv.ltrans13.ltrans.o
                0x000000001ffff86c                que
 .bss.flags     0x000000001ffff870        0x4 /var/folders/x_/sqk25f8j7w915dynz_bbhrh40000gp/T//cceL1Urv.ltrans13.ltrans.o
                0x000000001ffff870                flags
 .bss.mtx       0x000000001ffff874        0x4 /var/folders/x_/sqk25f8j7w915dynz_bbhrh40000gp/T//cceL1Urv.ltrans13.ltrans.o
                0x000000001ffff874                mtx
 .bss.g_xtal0Freq
                0x000000001ffff878        0x4 /var/folders/x_/sqk25f8j7w915dynz_bbhrh40000gp/T//cceL1Urv.ltrans13.ltrans.o
                0x000000001ffff878                g_xtal0Freq
 .bss.g_xtal32Freq
                0x000000001ffff87c        0x4 /var/folders/x_/sqk25f8j7w915dynz_bbhrh40000gp/T//cceL1Urv.ltrans13.ltrans.o
                0x000000001ffff87c                g_xtal32Freq
 .bss.s_DMAHandle.6119
                0x000000001ffff880       0x10 /var/folders/x_/sqk25f8j7w915dynz_bbhrh40000gp/T//cceL1Urv.ltrans13.ltrans.o
                0x000000001ffff880                s_DMAHandle.6119
 .bss.s_i2cHandle.6868
                0x000000001ffff890        0x8 /var/folders/x_/sqk25f8j7w915dynz_bbhrh40000gp/T//cceL1Urv.ltrans13.ltrans.o
                0x000000001ffff890                s_i2cHandle.6868
 .bss.s_i2cMasterIsr.6858
                0x000000001ffff898        0x4 /var/folders/x_/sqk25f8j7w915dynz_bbhrh40000gp/T//cceL1Urv.ltrans13.ltrans.o
                0x000000001ffff898                s_i2cMasterIsr.6858
 .bss.s_i2cSlaveIsr.6860
                0x000000001ffff89c        0x4 /var/folders/x_/sqk25f8j7w915dynz_bbhrh40000gp/T//cceL1Urv.ltrans13.ltrans.o
                0x000000001ffff89c                s_i2cSlaveIsr.6860
 .bss.s_lpsciHandle.7365
                0x000000001ffff8a0        0x4 /var/folders/x_/sqk25f8j7w915dynz_bbhrh40000gp/T//cceL1Urv.ltrans13.ltrans.o
                0x000000001ffff8a0                s_lpsciHandle.7365
 .bss.s_lpsciIsr.7366
                0x000000001ffff8a4        0x4 /var/folders/x_/sqk25f8j7w915dynz_bbhrh40000gp/T//cceL1Urv.ltrans13.ltrans.o
                0x000000001ffff8a4                s_lpsciIsr.7366
 .bss.s_spiHandle.8213
                0x000000001ffff8a8        0x8 /var/folders/x_/sqk25f8j7w915dynz_bbhrh40000gp/T//cceL1Urv.ltrans13.ltrans.o
                0x000000001ffff8a8                s_spiHandle.8213
 .bss.s_spiMasterIsr.8214
                0x000000001ffff8b0        0x4 /var/folders/x_/sqk25f8j7w915dynz_bbhrh40000gp/T//cceL1Urv.ltrans13.ltrans.o
                0x000000001ffff8b0                s_spiMasterIsr.8214
 .bss.s_spiSlaveIsr.8223
                0x000000001ffff8b4        0x4 /var/folders/x_/sqk25f8j7w915dynz_bbhrh40000gp/T//cceL1Urv.ltrans13.ltrans.o
                0x000000001ffff8b4                s_spiSlaveIsr.8223
 .bss.s_uartHandle.8897
                0x000000001ffff8b8        0xc /var/folders/x_/sqk25f8j7w915dynz_bbhrh40000gp/T//cceL1Urv.ltrans13.ltrans.o
                0x000000001ffff8b8                s_uartHandle.8897
 .bss.s_uartIsr.8898
                0x000000001ffff8c4        0x4 /var/folders/x_/sqk25f8j7w915dynz_bbhrh40000gp/T//cceL1Urv.ltrans13.ltrans.o
                0x000000001ffff8c4                s_uartIsr.8898
                0x000000001ffffa00                . = ALIGN (0x200)
 *fill*         0x000000001ffff8c8      0x138 
                0x000000001ffffa00                USB_RAM_START = .
                0x000000001ffffa00                . = (. + USB_RAM_GAP)
 *(COMMON)
                0x000000001ffffa00                . = ALIGN (0x4)
                0x000000001ffffa00                __bss_end__ = .
                0x000000001ffffa00                __END_BSS = .

.heap           0x000000001ffffa00      0x400 load address 0x0000000000004a0c
                0x000000001ffffa00                . = ALIGN (0x8)
                0x000000001ffffa00                __end__ = .
                0x000000001ffffa00                PROVIDE (end, .)
                0x000000001ffffa00                __HeapBase = .
                0x000000001ffffe00                . = (. + HEAP_SIZE)
 *fill*         0x000000001ffffa00      0x400 
                0x000000001ffffe00                __HeapLimit = .
                0x000000001ffffe00                __heap_limit = .

.stack          0x000000001ffffe00      0x400 load address 0x0000000000004e0c
                0x000000001ffffe00                . = ALIGN (0x8)
                0x0000000020000200                . = (. + STACK_SIZE)
 *fill*         0x000000001ffffe00      0x400 

m_usb_bdt       0x000000001ffffa00        0x0
 *(m_usb_bdt)
                0x000000001ffffa00                USB_RAM_BDT_END = .

m_usb_global
 *(m_usb_global)
                0x0000000020003000                __StackTop = (ORIGIN (m_data) + 0x4000)
                0x0000000020002c00                __StackLimit = (__StackTop - STACK_SIZE)
                0x0000000020003000                PROVIDE (__stack, __StackTop)

.ARM.attributes
                0x0000000000000000       0x28
 *(.ARM.attributes)
 .ARM.attributes
                0x0000000000000000       0x1e /Applications/KDS_v3.app/Contents/toolchain/bin/../lib/gcc/arm-none-eabi/4.8.4/armv6-m/crti.o
 .ARM.attributes
                0x000000000000001e       0x2c /Applications/KDS_v3.app/Contents/toolchain/bin/../lib/gcc/arm-none-eabi/4.8.4/armv6-m/crtbegin.o
 .ARM.attributes
                0x000000000000004a       0x1b /Applications/KDS_v3.app/Contents/toolchain/bin/../lib/gcc/arm-none-eabi/4.8.4/../../../../arm-none-eabi/lib/armv6-m/crt0.o
 .ARM.attributes
                0x0000000000000065       0x30 /var/folders/x_/sqk25f8j7w915dynz_bbhrh40000gp/T//cceL1Urv.ltrans0.ltrans.o
 .ARM.attributes
                0x0000000000000095       0x30 /var/folders/x_/sqk25f8j7w915dynz_bbhrh40000gp/T//cceL1Urv.ltrans1.ltrans.o
 .ARM.attributes
                0x00000000000000c5       0x30 /var/folders/x_/sqk25f8j7w915dynz_bbhrh40000gp/T//cceL1Urv.ltrans2.ltrans.o
 .ARM.attributes
                0x00000000000000f5       0x30 /var/folders/x_/sqk25f8j7w915dynz_bbhrh40000gp/T//cceL1Urv.ltrans4.ltrans.o
 .ARM.attributes
                0x0000000000000125       0x30 /var/folders/x_/sqk25f8j7w915dynz_bbhrh40000gp/T//cceL1Urv.ltrans5.ltrans.o
 .ARM.attributes
                0x0000000000000155       0x30 /var/folders/x_/sqk25f8j7w915dynz_bbhrh40000gp/T//cceL1Urv.ltrans6.ltrans.o
 .ARM.attributes
                0x0000000000000185       0x30 /var/folders/x_/sqk25f8j7w915dynz_bbhrh40000gp/T//cceL1Urv.ltrans8.ltrans.o
 .ARM.attributes
                0x00000000000001b5       0x30 /var/folders/x_/sqk25f8j7w915dynz_bbhrh40000gp/T//cceL1Urv.ltrans9.ltrans.o
 .ARM.attributes
                0x00000000000001e5       0x30 /var/folders/x_/sqk25f8j7w915dynz_bbhrh40000gp/T//cceL1Urv.ltrans10.ltrans.o
 .ARM.attributes
                0x0000000000000215       0x30 /var/folders/x_/sqk25f8j7w915dynz_bbhrh40000gp/T//cceL1Urv.ltrans11.ltrans.o
 .ARM.attributes
                0x0000000000000245       0x30 /var/folders/x_/sqk25f8j7w915dynz_bbhrh40000gp/T//cceL1Urv.ltrans12.ltrans.o
 .ARM.attributes
                0x0000000000000275       0x30 /var/folders/x_/sqk25f8j7w915dynz_bbhrh40000gp/T//cceL1Urv.ltrans13.ltrans.o
 .ARM.attributes
                0x00000000000002a5       0x1e /Applications/KDS_v3.app/Contents/toolchain/bin/../lib/gcc/arm-none-eabi/4.8.4/armv6-m/libgcc.a(_udivsi3.o)
 .ARM.attributes
                0x00000000000002c3       0x1e /Applications/KDS_v3.app/Contents/toolchain/bin/../lib/gcc/arm-none-eabi/4.8.4/armv6-m/libgcc.a(_divsi3.o)
 .ARM.attributes
                0x00000000000002e1       0x1e /Applications/KDS_v3.app/Contents/toolchain/bin/../lib/gcc/arm-none-eabi/4.8.4/armv6-m/libgcc.a(_dvmd_tls.o)
 .ARM.attributes
                0x00000000000002ff       0x2c /Applications/KDS_v3.app/Contents/toolchain/bin/../lib/gcc/arm-none-eabi/4.8.4/../../../../arm-none-eabi/lib/armv6-m/libg_s.a(lib_a-strlen.o)
 .ARM.attributes
                0x000000000000032b       0x22 ./uLipeRtosV4/source/arch/OsPort_M0_a.o
 .ARM.attributes
                0x000000000000034d       0x1b ./startup/startup_MKL25Z4.o
 .ARM.attributes
                0x0000000000000368       0x2c /Applications/KDS_v3.app/Contents/toolchain/bin/../lib/gcc/arm-none-eabi/4.8.4/../../../../arm-none-eabi/lib/armv6-m/libg_s.a(lib_a-exit.o)
 .ARM.attributes
                0x0000000000000394       0x2c /Applications/KDS_v3.app/Contents/toolchain/bin/../lib/gcc/arm-none-eabi/4.8.4/../../../../arm-none-eabi/lib/armv6-m/libg_s.a(lib_a-impure.o)
 .ARM.attributes
                0x00000000000003c0       0x2c /Applications/KDS_v3.app/Contents/toolchain/bin/../lib/gcc/arm-none-eabi/4.8.4/../../../../arm-none-eabi/lib/armv6-m/libg_s.a(lib_a-init.o)
 .ARM.attributes
                0x00000000000003ec       0x2c /Applications/KDS_v3.app/Contents/toolchain/bin/../lib/gcc/arm-none-eabi/4.8.4/../../../../arm-none-eabi/lib/armv6-m/libg_s.a(lib_a-memset.o)
 .ARM.attributes
                0x0000000000000418       0x2c /Applications/KDS_v3.app/Contents/toolchain/bin/../lib/gcc/arm-none-eabi/4.8.4/../../../../arm-none-eabi/lib/armv6-m/libnosys.a(_exit.o)
 .ARM.attributes
                0x0000000000000444       0x2c /Applications/KDS_v3.app/Contents/toolchain/bin/../lib/gcc/arm-none-eabi/4.8.4/armv6-m/crtend.o
 .ARM.attributes
                0x0000000000000470       0x1e /Applications/KDS_v3.app/Contents/toolchain/bin/../lib/gcc/arm-none-eabi/4.8.4/armv6-m/crtn.o
                0x0000000000000001                ASSERT ((__StackLimit >= __HeapLimit), region m_data overflowed with stack and heap)
OUTPUT(rtos_lhc.elf elf32-littlearm)

.debug_info     0x0000000000000000    0x15de8
 .debug_info    0x0000000000000000     0x1510 /var/folders/x_/sqk25f8j7w915dynz_bbhrh40000gp/T//cceL1Urv.ltrans0.ltrans.o
 .debug_info    0x0000000000001510     0x136d /var/folders/x_/sqk25f8j7w915dynz_bbhrh40000gp/T//cceL1Urv.ltrans1.ltrans.o
 .debug_info    0x000000000000287d     0x1e22 /var/folders/x_/sqk25f8j7w915dynz_bbhrh40000gp/T//cceL1Urv.ltrans2.ltrans.o
 .debug_info    0x000000000000469f     0x1009 /var/folders/x_/sqk25f8j7w915dynz_bbhrh40000gp/T//cceL1Urv.ltrans4.ltrans.o
 .debug_info    0x00000000000056a8     0x19a9 /var/folders/x_/sqk25f8j7w915dynz_bbhrh40000gp/T//cceL1Urv.ltrans5.ltrans.o
 .debug_info    0x0000000000007051      0xf30 /var/folders/x_/sqk25f8j7w915dynz_bbhrh40000gp/T//cceL1Urv.ltrans6.ltrans.o
 .debug_info    0x0000000000007f81     0x1bfd /var/folders/x_/sqk25f8j7w915dynz_bbhrh40000gp/T//cceL1Urv.ltrans8.ltrans.o
 .debug_info    0x0000000000009b7e     0x1437 /var/folders/x_/sqk25f8j7w915dynz_bbhrh40000gp/T//cceL1Urv.ltrans9.ltrans.o
 .debug_info    0x000000000000afb5      0xc80 /var/folders/x_/sqk25f8j7w915dynz_bbhrh40000gp/T//cceL1Urv.ltrans10.ltrans.o
 .debug_info    0x000000000000bc35     0x15db /var/folders/x_/sqk25f8j7w915dynz_bbhrh40000gp/T//cceL1Urv.ltrans11.ltrans.o
 .debug_info    0x000000000000d210     0x16a2 /var/folders/x_/sqk25f8j7w915dynz_bbhrh40000gp/T//cceL1Urv.ltrans12.ltrans.o
 .debug_info    0x000000000000e8b2     0x742e /var/folders/x_/sqk25f8j7w915dynz_bbhrh40000gp/T//cceL1Urv.ltrans13.ltrans.o
 .debug_info    0x0000000000015ce0       0x8a ./uLipeRtosV4/source/arch/OsPort_M0_a.o
 .debug_info    0x0000000000015d6a       0x7e ./startup/startup_MKL25Z4.o

.debug_abbrev   0x0000000000000000     0x246f
 .debug_abbrev  0x0000000000000000      0x308 /var/folders/x_/sqk25f8j7w915dynz_bbhrh40000gp/T//cceL1Urv.ltrans0.ltrans.o
 .debug_abbrev  0x0000000000000308      0x2c2 /var/folders/x_/sqk25f8j7w915dynz_bbhrh40000gp/T//cceL1Urv.ltrans1.ltrans.o
 .debug_abbrev  0x00000000000005ca      0x2e9 /var/folders/x_/sqk25f8j7w915dynz_bbhrh40000gp/T//cceL1Urv.ltrans2.ltrans.o
 .debug_abbrev  0x00000000000008b3      0x277 /var/folders/x_/sqk25f8j7w915dynz_bbhrh40000gp/T//cceL1Urv.ltrans4.ltrans.o
 .debug_abbrev  0x0000000000000b2a      0x349 /var/folders/x_/sqk25f8j7w915dynz_bbhrh40000gp/T//cceL1Urv.ltrans5.ltrans.o
 .debug_abbrev  0x0000000000000e73      0x1fd /var/folders/x_/sqk25f8j7w915dynz_bbhrh40000gp/T//cceL1Urv.ltrans6.ltrans.o
 .debug_abbrev  0x0000000000001070      0x2da /var/folders/x_/sqk25f8j7w915dynz_bbhrh40000gp/T//cceL1Urv.ltrans8.ltrans.o
 .debug_abbrev  0x000000000000134a      0x358 /var/folders/x_/sqk25f8j7w915dynz_bbhrh40000gp/T//cceL1Urv.ltrans9.ltrans.o
 .debug_abbrev  0x00000000000016a2      0x248 /var/folders/x_/sqk25f8j7w915dynz_bbhrh40000gp/T//cceL1Urv.ltrans10.ltrans.o
 .debug_abbrev  0x00000000000018ea      0x2d9 /var/folders/x_/sqk25f8j7w915dynz_bbhrh40000gp/T//cceL1Urv.ltrans11.ltrans.o
 .debug_abbrev  0x0000000000001bc3      0x378 /var/folders/x_/sqk25f8j7w915dynz_bbhrh40000gp/T//cceL1Urv.ltrans12.ltrans.o
 .debug_abbrev  0x0000000000001f3b      0x50c /var/folders/x_/sqk25f8j7w915dynz_bbhrh40000gp/T//cceL1Urv.ltrans13.ltrans.o
 .debug_abbrev  0x0000000000002447       0x14 ./uLipeRtosV4/source/arch/OsPort_M0_a.o
 .debug_abbrev  0x000000000000245b       0x14 ./startup/startup_MKL25Z4.o

.debug_aranges  0x0000000000000000     0x1050
 .debug_aranges
                0x0000000000000000      0x180 /var/folders/x_/sqk25f8j7w915dynz_bbhrh40000gp/T//cceL1Urv.ltrans0.ltrans.o
 .debug_aranges
                0x0000000000000180      0x120 /var/folders/x_/sqk25f8j7w915dynz_bbhrh40000gp/T//cceL1Urv.ltrans1.ltrans.o
 .debug_aranges
                0x00000000000002a0      0x1d0 /var/folders/x_/sqk25f8j7w915dynz_bbhrh40000gp/T//cceL1Urv.ltrans2.ltrans.o
 .debug_aranges
                0x0000000000000470      0x100 /var/folders/x_/sqk25f8j7w915dynz_bbhrh40000gp/T//cceL1Urv.ltrans4.ltrans.o
 .debug_aranges
                0x0000000000000570      0x168 /var/folders/x_/sqk25f8j7w915dynz_bbhrh40000gp/T//cceL1Urv.ltrans5.ltrans.o
 .debug_aranges
                0x00000000000006d8       0xe8 /var/folders/x_/sqk25f8j7w915dynz_bbhrh40000gp/T//cceL1Urv.ltrans6.ltrans.o
 .debug_aranges
                0x00000000000007c0      0x1d8 /var/folders/x_/sqk25f8j7w915dynz_bbhrh40000gp/T//cceL1Urv.ltrans8.ltrans.o
 .debug_aranges
                0x0000000000000998      0x150 /var/folders/x_/sqk25f8j7w915dynz_bbhrh40000gp/T//cceL1Urv.ltrans9.ltrans.o
 .debug_aranges
                0x0000000000000ae8      0x110 /var/folders/x_/sqk25f8j7w915dynz_bbhrh40000gp/T//cceL1Urv.ltrans10.ltrans.o
 .debug_aranges
                0x0000000000000bf8      0x148 /var/folders/x_/sqk25f8j7w915dynz_bbhrh40000gp/T//cceL1Urv.ltrans11.ltrans.o
 .debug_aranges
                0x0000000000000d40      0x1d8 /var/folders/x_/sqk25f8j7w915dynz_bbhrh40000gp/T//cceL1Urv.ltrans12.ltrans.o
 .debug_aranges
                0x0000000000000f18       0xf8 /var/folders/x_/sqk25f8j7w915dynz_bbhrh40000gp/T//cceL1Urv.ltrans13.ltrans.o
 .debug_aranges
                0x0000000000001010       0x20 ./uLipeRtosV4/source/arch/OsPort_M0_a.o
 .debug_aranges
                0x0000000000001030       0x20 ./startup/startup_MKL25Z4.o

.debug_ranges   0x0000000000000000      0xf68
 .debug_ranges  0x0000000000000000      0x170 /var/folders/x_/sqk25f8j7w915dynz_bbhrh40000gp/T//cceL1Urv.ltrans0.ltrans.o
 .debug_ranges  0x0000000000000170      0x110 /var/folders/x_/sqk25f8j7w915dynz_bbhrh40000gp/T//cceL1Urv.ltrans1.ltrans.o
 .debug_ranges  0x0000000000000280      0x1c0 /var/folders/x_/sqk25f8j7w915dynz_bbhrh40000gp/T//cceL1Urv.ltrans2.ltrans.o
 .debug_ranges  0x0000000000000440       0xf0 /var/folders/x_/sqk25f8j7w915dynz_bbhrh40000gp/T//cceL1Urv.ltrans4.ltrans.o
 .debug_ranges  0x0000000000000530      0x170 /var/folders/x_/sqk25f8j7w915dynz_bbhrh40000gp/T//cceL1Urv.ltrans5.ltrans.o
 .debug_ranges  0x00000000000006a0       0xd8 /var/folders/x_/sqk25f8j7w915dynz_bbhrh40000gp/T//cceL1Urv.ltrans6.ltrans.o
 .debug_ranges  0x0000000000000778      0x1c8 /var/folders/x_/sqk25f8j7w915dynz_bbhrh40000gp/T//cceL1Urv.ltrans8.ltrans.o
 .debug_ranges  0x0000000000000940      0x140 /var/folders/x_/sqk25f8j7w915dynz_bbhrh40000gp/T//cceL1Urv.ltrans9.ltrans.o
 .debug_ranges  0x0000000000000a80      0x100 /var/folders/x_/sqk25f8j7w915dynz_bbhrh40000gp/T//cceL1Urv.ltrans10.ltrans.o
 .debug_ranges  0x0000000000000b80      0x138 /var/folders/x_/sqk25f8j7w915dynz_bbhrh40000gp/T//cceL1Urv.ltrans11.ltrans.o
 .debug_ranges  0x0000000000000cb8      0x1c8 /var/folders/x_/sqk25f8j7w915dynz_bbhrh40000gp/T//cceL1Urv.ltrans12.ltrans.o
 .debug_ranges  0x0000000000000e80       0xe8 /var/folders/x_/sqk25f8j7w915dynz_bbhrh40000gp/T//cceL1Urv.ltrans13.ltrans.o

.debug_line     0x0000000000000000     0x4e7c
 .debug_line    0x0000000000000000      0x6c4 /var/folders/x_/sqk25f8j7w915dynz_bbhrh40000gp/T//cceL1Urv.ltrans0.ltrans.o
 .debug_line    0x00000000000006c4      0x536 /var/folders/x_/sqk25f8j7w915dynz_bbhrh40000gp/T//cceL1Urv.ltrans1.ltrans.o
 .debug_line    0x0000000000000bfa      0x758 /var/folders/x_/sqk25f8j7w915dynz_bbhrh40000gp/T//cceL1Urv.ltrans2.ltrans.o
 .debug_line    0x0000000000001352      0x500 /var/folders/x_/sqk25f8j7w915dynz_bbhrh40000gp/T//cceL1Urv.ltrans4.ltrans.o
 .debug_line    0x0000000000001852      0x6f8 /var/folders/x_/sqk25f8j7w915dynz_bbhrh40000gp/T//cceL1Urv.ltrans5.ltrans.o
 .debug_line    0x0000000000001f4a      0x491 /var/folders/x_/sqk25f8j7w915dynz_bbhrh40000gp/T//cceL1Urv.ltrans6.ltrans.o
 .debug_line    0x00000000000023db      0x765 /var/folders/x_/sqk25f8j7w915dynz_bbhrh40000gp/T//cceL1Urv.ltrans8.ltrans.o
 .debug_line    0x0000000000002b40      0x574 /var/folders/x_/sqk25f8j7w915dynz_bbhrh40000gp/T//cceL1Urv.ltrans9.ltrans.o
 .debug_line    0x00000000000030b4      0x466 /var/folders/x_/sqk25f8j7w915dynz_bbhrh40000gp/T//cceL1Urv.ltrans10.ltrans.o
 .debug_line    0x000000000000351a      0x52c /var/folders/x_/sqk25f8j7w915dynz_bbhrh40000gp/T//cceL1Urv.ltrans11.ltrans.o
 .debug_line    0x0000000000003a46      0x804 /var/folders/x_/sqk25f8j7w915dynz_bbhrh40000gp/T//cceL1Urv.ltrans12.ltrans.o
 .debug_line    0x000000000000424a      0xac6 /var/folders/x_/sqk25f8j7w915dynz_bbhrh40000gp/T//cceL1Urv.ltrans13.ltrans.o
 .debug_line    0x0000000000004d10       0xa5 ./uLipeRtosV4/source/arch/OsPort_M0_a.o
 .debug_line    0x0000000000004db5       0xc7 ./startup/startup_MKL25Z4.o

.debug_str      0x0000000000000000     0x9e73
 .debug_str     0x0000000000000000      0xfc7 /var/folders/x_/sqk25f8j7w915dynz_bbhrh40000gp/T//cceL1Urv.ltrans0.ltrans.o
                                       0x1064 (size before relaxing)
 .debug_str     0x0000000000000fc7     0x12ae /var/folders/x_/sqk25f8j7w915dynz_bbhrh40000gp/T//cceL1Urv.ltrans1.ltrans.o
                                       0x1778 (size before relaxing)
 .debug_str     0x0000000000002275     0x1090 /var/folders/x_/sqk25f8j7w915dynz_bbhrh40000gp/T//cceL1Urv.ltrans2.ltrans.o
                                       0x206e (size before relaxing)
 .debug_str     0x0000000000003305      0x5ae /var/folders/x_/sqk25f8j7w915dynz_bbhrh40000gp/T//cceL1Urv.ltrans4.ltrans.o
                                        0xaa0 (size before relaxing)
 .debug_str     0x00000000000038b3      0xb95 /var/folders/x_/sqk25f8j7w915dynz_bbhrh40000gp/T//cceL1Urv.ltrans5.ltrans.o
                                       0x1463 (size before relaxing)
 .debug_str     0x0000000000004448      0x5f6 /var/folders/x_/sqk25f8j7w915dynz_bbhrh40000gp/T//cceL1Urv.ltrans6.ltrans.o
                                        0xab2 (size before relaxing)
 .debug_str     0x0000000000004a3e     0x10c4 /var/folders/x_/sqk25f8j7w915dynz_bbhrh40000gp/T//cceL1Urv.ltrans8.ltrans.o
                                       0x184c (size before relaxing)
 .debug_str     0x0000000000005b02      0xac6 /var/folders/x_/sqk25f8j7w915dynz_bbhrh40000gp/T//cceL1Urv.ltrans9.ltrans.o
                                       0x109e (size before relaxing)
 .debug_str     0x00000000000065c8      0x667 /var/folders/x_/sqk25f8j7w915dynz_bbhrh40000gp/T//cceL1Urv.ltrans10.ltrans.o
                                        0xb18 (size before relaxing)
 .debug_str     0x0000000000006c2f      0xc23 /var/folders/x_/sqk25f8j7w915dynz_bbhrh40000gp/T//cceL1Urv.ltrans11.ltrans.o
                                       0x1faf (size before relaxing)
 .debug_str     0x0000000000007852      0x8cc /var/folders/x_/sqk25f8j7w915dynz_bbhrh40000gp/T//cceL1Urv.ltrans12.ltrans.o
                                        0xe67 (size before relaxing)
 .debug_str     0x000000000000811e     0x1d55 /var/folders/x_/sqk25f8j7w915dynz_bbhrh40000gp/T//cceL1Urv.ltrans13.ltrans.o
                                       0x6d6f (size before relaxing)

.comment        0x0000000000000000       0x70
 .comment       0x0000000000000000       0x70 /var/folders/x_/sqk25f8j7w915dynz_bbhrh40000gp/T//cceL1Urv.ltrans0.ltrans.o
                                         0x71 (size before relaxing)
 .comment       0x0000000000000000       0x71 /var/folders/x_/sqk25f8j7w915dynz_bbhrh40000gp/T//cceL1Urv.ltrans1.ltrans.o
 .comment       0x0000000000000000       0x71 /var/folders/x_/sqk25f8j7w915dynz_bbhrh40000gp/T//cceL1Urv.ltrans2.ltrans.o
 .comment       0x0000000000000000       0x71 /var/folders/x_/sqk25f8j7w915dynz_bbhrh40000gp/T//cceL1Urv.ltrans4.ltrans.o
 .comment       0x0000000000000000       0x71 /var/folders/x_/sqk25f8j7w915dynz_bbhrh40000gp/T//cceL1Urv.ltrans5.ltrans.o
 .comment       0x0000000000000000       0x71 /var/folders/x_/sqk25f8j7w915dynz_bbhrh40000gp/T//cceL1Urv.ltrans6.ltrans.o
 .comment       0x0000000000000000       0x71 /var/folders/x_/sqk25f8j7w915dynz_bbhrh40000gp/T//cceL1Urv.ltrans8.ltrans.o
 .comment       0x0000000000000000       0x71 /var/folders/x_/sqk25f8j7w915dynz_bbhrh40000gp/T//cceL1Urv.ltrans9.ltrans.o
 .comment       0x0000000000000000       0x71 /var/folders/x_/sqk25f8j7w915dynz_bbhrh40000gp/T//cceL1Urv.ltrans10.ltrans.o
 .comment       0x0000000000000000       0x71 /var/folders/x_/sqk25f8j7w915dynz_bbhrh40000gp/T//cceL1Urv.ltrans11.ltrans.o
 .comment       0x0000000000000000       0x71 /var/folders/x_/sqk25f8j7w915dynz_bbhrh40000gp/T//cceL1Urv.ltrans12.ltrans.o
 .comment       0x0000000000000000       0x71 /var/folders/x_/sqk25f8j7w915dynz_bbhrh40000gp/T//cceL1Urv.ltrans13.ltrans.o

.debug_frame    0x0000000000000000     0x3cdc
 .debug_frame   0x0000000000000000      0x588 /var/folders/x_/sqk25f8j7w915dynz_bbhrh40000gp/T//cceL1Urv.ltrans0.ltrans.o
 .debug_frame   0x0000000000000588      0x430 /var/folders/x_/sqk25f8j7w915dynz_bbhrh40000gp/T//cceL1Urv.ltrans1.ltrans.o
 .debug_frame   0x00000000000009b8      0x6e8 /var/folders/x_/sqk25f8j7w915dynz_bbhrh40000gp/T//cceL1Urv.ltrans2.ltrans.o
 .debug_frame   0x00000000000010a0      0x3b0 /var/folders/x_/sqk25f8j7w915dynz_bbhrh40000gp/T//cceL1Urv.ltrans4.ltrans.o
 .debug_frame   0x0000000000001450      0x548 /var/folders/x_/sqk25f8j7w915dynz_bbhrh40000gp/T//cceL1Urv.ltrans5.ltrans.o
 .debug_frame   0x0000000000001998      0x350 /var/folders/x_/sqk25f8j7w915dynz_bbhrh40000gp/T//cceL1Urv.ltrans6.ltrans.o
 .debug_frame   0x0000000000001ce8      0x700 /var/folders/x_/sqk25f8j7w915dynz_bbhrh40000gp/T//cceL1Urv.ltrans8.ltrans.o
 .debug_frame   0x00000000000023e8      0x4dc /var/folders/x_/sqk25f8j7w915dynz_bbhrh40000gp/T//cceL1Urv.ltrans9.ltrans.o
 .debug_frame   0x00000000000028c4      0x3dc /var/folders/x_/sqk25f8j7w915dynz_bbhrh40000gp/T//cceL1Urv.ltrans10.ltrans.o
 .debug_frame   0x0000000000002ca0      0x4c0 /var/folders/x_/sqk25f8j7w915dynz_bbhrh40000gp/T//cceL1Urv.ltrans11.ltrans.o
 .debug_frame   0x0000000000003160      0x6f8 /var/folders/x_/sqk25f8j7w915dynz_bbhrh40000gp/T//cceL1Urv.ltrans12.ltrans.o
 .debug_frame   0x0000000000003858      0x390 /var/folders/x_/sqk25f8j7w915dynz_bbhrh40000gp/T//cceL1Urv.ltrans13.ltrans.o
 .debug_frame   0x0000000000003be8       0x20 /Applications/KDS_v3.app/Contents/toolchain/bin/../lib/gcc/arm-none-eabi/4.8.4/armv6-m/libgcc.a(_udivsi3.o)
 .debug_frame   0x0000000000003c08       0x20 /Applications/KDS_v3.app/Contents/toolchain/bin/../lib/gcc/arm-none-eabi/4.8.4/armv6-m/libgcc.a(_divsi3.o)
 .debug_frame   0x0000000000003c28       0x20 /Applications/KDS_v3.app/Contents/toolchain/bin/../lib/gcc/arm-none-eabi/4.8.4/../../../../arm-none-eabi/lib/armv6-m/libg_s.a(lib_a-strlen.o)
 .debug_frame   0x0000000000003c48       0x28 /Applications/KDS_v3.app/Contents/toolchain/bin/../lib/gcc/arm-none-eabi/4.8.4/../../../../arm-none-eabi/lib/armv6-m/libg_s.a(lib_a-exit.o)
 .debug_frame   0x0000000000003c70       0x2c /Applications/KDS_v3.app/Contents/toolchain/bin/../lib/gcc/arm-none-eabi/4.8.4/../../../../arm-none-eabi/lib/armv6-m/libg_s.a(lib_a-init.o)
 .debug_frame   0x0000000000003c9c       0x20 /Applications/KDS_v3.app/Contents/toolchain/bin/../lib/gcc/arm-none-eabi/4.8.4/../../../../arm-none-eabi/lib/armv6-m/libg_s.a(lib_a-memset.o)
 .debug_frame   0x0000000000003cbc       0x20 /Applications/KDS_v3.app/Contents/toolchain/bin/../lib/gcc/arm-none-eabi/4.8.4/../../../../arm-none-eabi/lib/armv6-m/libnosys.a(_exit.o)
